Component: ARM Compiler 5.06 update 5 (build 528) Tool: armlink [4d35e2]

==============================================================================

Section Cross References

    startup_stm32g431xx.o(STACK) refers (Special) to heapauxi.o(.text) for __use_two_region_memory
    startup_stm32g431xx.o(HEAP) refers (Special) to heapauxi.o(.text) for __use_two_region_memory
    startup_stm32g431xx.o(RESET) refers (Special) to heapauxi.o(.text) for __use_two_region_memory
    startup_stm32g431xx.o(RESET) refers to startup_stm32g431xx.o(STACK) for __initial_sp
    startup_stm32g431xx.o(RESET) refers to startup_stm32g431xx.o(.text) for Reset_Handler
    startup_stm32g431xx.o(RESET) refers to stm32g4xx_it.o(i.NMI_Handler) for NMI_Handler
    startup_stm32g431xx.o(RESET) refers to stm32g4xx_it.o(i.HardFault_Handler) for HardFault_Handler
    startup_stm32g431xx.o(RESET) refers to stm32g4xx_it.o(i.MemManage_Handler) for MemManage_Handler
    startup_stm32g431xx.o(RESET) refers to stm32g4xx_it.o(i.BusFault_Handler) for BusFault_Handler
    startup_stm32g431xx.o(RESET) refers to stm32g4xx_it.o(i.UsageFault_Handler) for UsageFault_Handler
    startup_stm32g431xx.o(RESET) refers to stm32g4xx_it.o(i.SVC_Handler) for SVC_Handler
    startup_stm32g431xx.o(RESET) refers to stm32g4xx_it.o(i.DebugMon_Handler) for DebugMon_Handler
    startup_stm32g431xx.o(RESET) refers to stm32g4xx_it.o(i.PendSV_Handler) for PendSV_Handler
    startup_stm32g431xx.o(RESET) refers to stm32g4xx_it.o(i.SysTick_Handler) for SysTick_Handler
    startup_stm32g431xx.o(RESET) refers to stm32g4xx_it.o(i.TIM3_IRQHandler) for TIM3_IRQHandler
    startup_stm32g431xx.o(RESET) refers to stm32g4xx_it.o(i.TIM4_IRQHandler) for TIM4_IRQHandler
    startup_stm32g431xx.o(RESET) refers to stm32g4xx_it.o(i.USART1_IRQHandler) for USART1_IRQHandler
    startup_stm32g431xx.o(RESET) refers to stm32g4xx_it.o(i.TIM6_DAC_IRQHandler) for TIM6_DAC_IRQHandler
    startup_stm32g431xx.o(.text) refers (Special) to heapauxi.o(.text) for __use_two_region_memory
    startup_stm32g431xx.o(.text) refers to system_stm32g4xx.o(i.SystemInit) for SystemInit
    startup_stm32g431xx.o(.text) refers to __main.o(!!!main) for __main
    startup_stm32g431xx.o(.text) refers to startup_stm32g431xx.o(HEAP) for Heap_Mem
    startup_stm32g431xx.o(.text) refers to startup_stm32g431xx.o(STACK) for Stack_Mem
    main.o(i.Rx_Proc) refers to _scanf_str.o(.text) for _scanf_string
    main.o(i.Rx_Proc) refers to _printf_percent.o(.ARM.Collect$$_printf_percent$$00000000) for _printf_percent
    main.o(i.Rx_Proc) refers to _printf_d.o(.ARM.Collect$$_printf_percent$$00000009) for _printf_d
    main.o(i.Rx_Proc) refers to _printf_dec.o(.text) for _printf_int_dec
    main.o(i.Rx_Proc) refers to noretval__2sprintf.o(.text) for __2sprintf
    main.o(i.Rx_Proc) refers to __0sscanf.o(.text) for __0sscanf
    main.o(i.Rx_Proc) refers to lcd.o(i.LCD_DisplayStringLine) for LCD_DisplayStringLine
    main.o(i.Rx_Proc) refers to strlen.o(.text) for strlen
    main.o(i.Rx_Proc) refers to stm32g4xx_hal_uart.o(i.HAL_UART_Transmit) for HAL_UART_Transmit
    main.o(i.Rx_Proc) refers to rt_memclr.o(.text) for __aeabi_memclr
    main.o(i.Rx_Proc) refers to interrupt.o(.data) for BufIndex
    main.o(i.Rx_Proc) refers to interrupt.o(.bss) for RxBuffer
    main.o(i.Rx_Proc) refers to main.o(.data) for .data
    main.o(i.Rx_Proc) refers to usart.o(.bss) for huart1
    main.o(i.SystemClock_Config) refers to rt_memclr_w.o(.text) for __aeabi_memclr4
    main.o(i.SystemClock_Config) refers to stm32g4xx_hal_pwr_ex.o(i.HAL_PWREx_ControlVoltageScaling) for HAL_PWREx_ControlVoltageScaling
    main.o(i.SystemClock_Config) refers to stm32g4xx_hal_rcc.o(i.HAL_RCC_OscConfig) for HAL_RCC_OscConfig
    main.o(i.SystemClock_Config) refers to stm32g4xx_hal_rcc.o(i.HAL_RCC_ClockConfig) for HAL_RCC_ClockConfig
    main.o(i.key_pro) refers to lcd.o(i.LCD_Clear) for LCD_Clear
    main.o(i.key_pro) refers to led.o(i.led_disp) for led_disp
    main.o(i.key_pro) refers to main.o(i.pwm_pro) for pwm_pro
    main.o(i.key_pro) refers to stm32g4xx_hal_tim.o(i.HAL_TIM_Base_Start_IT) for HAL_TIM_Base_Start_IT
    main.o(i.key_pro) refers to interrupt.o(.bss) for key
    main.o(i.key_pro) refers to main.o(.data) for .data
    main.o(i.key_pro) refers to tim.o(.bss) for htim4
    main.o(i.main) refers to stm32g4xx_hal.o(i.HAL_Init) for HAL_Init
    main.o(i.main) refers to main.o(i.SystemClock_Config) for SystemClock_Config
    main.o(i.main) refers to gpio.o(i.MX_GPIO_Init) for MX_GPIO_Init
    main.o(i.main) refers to usart.o(i.MX_USART1_UART_Init) for MX_USART1_UART_Init
    main.o(i.main) refers to tim.o(i.MX_TIM3_Init) for MX_TIM3_Init
    main.o(i.main) refers to tim.o(i.MX_TIM2_Init) for MX_TIM2_Init
    main.o(i.main) refers to tim.o(i.MX_TIM4_Init) for MX_TIM4_Init
    main.o(i.main) refers to tim.o(i.MX_TIM6_Init) for MX_TIM6_Init
    main.o(i.main) refers to lcd.o(i.LCD_Init) for LCD_Init
[...]
    _printf_input_char                       0x08000771   Thumb Code    10  _printf_char_common.o(.text)
    .text                                    0x080007a0   Section        0  _sputc.o(.text)
    .text                                    0x080007ac   Section        0  scanf_char.o(.text)
    _scanf_char_input                        0x080007ad   Thumb Code    12  scanf_char.o(.text)
    .text                                    0x080007d8   Section        0  _sgetc.o(.text)
    .text                                    0x08000818   Section        0  isspace.o(.text)
    .text                                    0x0800082c   Section        0  _scanf.o(.text)
    .text                                    0x08000ba0   Section       74  sys_stackheap_outer.o(.text)
    .text                                    0x08000bec   Section       16  rt_ctype_table.o(.text)
    .text                                    0x08000bfc   Section        0  exit.o(.text)
    .text                                    0x08000c10   Section        8  libspace.o(.text)
    .text                                    0x08000c18   Section        8  rt_locale_intlibspace.o(.text)
    .text                                    0x08000c20   Section        0  sys_exit.o(.text)
    .text                                    0x08000c2c   Section      128  strcmpv7m.o(.text)
    .text                                    0x08000cac   Section        2  use_no_semi.o(.text)
    .text                                    0x08000cae   Section        0  indicate_semi.o(.text)
    i.BusFault_Handler                       0x08000cae   Section        0  stm32g4xx_it.o(i.BusFault_Handler)
    i.DebugMon_Handler                       0x08000cb0   Section        0  stm32g4xx_it.o(i.DebugMon_Handler)
    i.Delay_LCD                              0x08000cb2   Section        0  lcd.o(i.Delay_LCD)
    i.Error_Handler                          0x08000cce   Section        0  main.o(i.Error_Handler)
    i.HAL_DMA_Abort                          0x08000cd2   Section        0  stm32g4xx_hal_dma.o(i.HAL_DMA_Abort)
    i.HAL_DMA_Abort_IT                       0x08000d3c   Section        0  stm32g4xx_hal_dma.o(i.HAL_DMA_Abort_IT)
    i.HAL_Delay                              0x08000db4   Section        0  stm32g4xx_hal.o(i.HAL_Delay)
    i.HAL_GPIO_Init                          0x08000dd8   Section        0  stm32g4xx_hal_gpio.o(i.HAL_GPIO_Init)
    i.HAL_GPIO_ReadPin                       0x08001020   Section        0  stm32g4xx_hal_gpio.o(i.HAL_GPIO_ReadPin)
    i.HAL_GPIO_WritePin                      0x0800102a   Section        0  stm32g4xx_hal_gpio.o(i.HAL_GPIO_WritePin)
    i.HAL_GetTick                            0x08001034   Section        0  stm32g4xx_hal.o(i.HAL_GetTick)
    i.HAL_IncTick                            0x08001040   Section        0  stm32g4xx_hal.o(i.HAL_IncTick)
    i.HAL_Init                               0x08001050   Section        0  stm32g4xx_hal.o(i.HAL_Init)
    i.HAL_InitTick                           0x08001070   Section        0  stm32g4xx_hal.o(i.HAL_InitTick)
    i.HAL_MspInit                            0x080010b4   Section        0  stm32g4xx_hal_msp.o(i.HAL_MspInit)
    i.HAL_NVIC_EnableIRQ                     0x080010e4   Section        0  stm32g4xx_hal_cortex.o(i.HAL_NVIC_EnableIRQ)
    i.HAL_NVIC_SetPriority                   0x08001100   Section        0  stm32g4xx_hal_cortex.o(i.HAL_NVIC_SetPriority)
    i.HAL_NVIC_SetPriorityGrouping           0x08001140   Section        0  stm32g4xx_hal_cortex.o(i.HAL_NVIC_SetPriorityGrouping)
    i.HAL_PWREx_ControlVoltageScaling        0x08001164   Section        0  stm32g4xx_hal_pwr_ex.o(i.HAL_PWREx_ControlVoltageScaling)
    i.HAL_PWREx_DisableUCPDDeadBattery       0x08001220   Section        0  stm32g4xx_hal_pwr_ex.o(i.HAL_PWREx_DisableUCPDDeadBattery)
    i.HAL_RCCEx_PeriphCLKConfig              0x08001230   Section        0  stm32g4xx_hal_rcc_ex.o(i.HAL_RCCEx_PeriphCLKConfig)
    i.HAL_RCC_ClockConfig                    0x080014b8   Section        0  stm32g4xx_hal_rcc.o(i.HAL_RCC_ClockConfig)
    i.HAL_RCC_GetPCLK1Freq                   0x08001694   Section        0  stm32g4xx_hal_rcc.o(i.HAL_RCC_GetPCLK1Freq)
    i.HAL_RCC_GetPCLK2Freq                   0x080016b8   Section        0  stm32g4xx_hal_rcc.o(i.HAL_RCC_GetPCLK2Freq)
    i.HAL_RCC_GetSysClockFreq                0x080016dc   Section        0  stm32g4xx_hal_rcc.o(i.HAL_RCC_GetSysClockFreq)
    i.HAL_RCC_OscConfig                      0x0800174c   Section        0  stm32g4xx_hal_rcc.o(i.HAL_RCC_OscConfig)
    i.HAL_SYSTICK_Config                     0x08001b58   Section        0  stm32g4xx_hal_cortex.o(i.HAL_SYSTICK_Config)
    i.HAL_TIMEx_Break2Callback               0x08001b80   Section        0  stm32g4xx_hal_tim_ex.o(i.HAL_TIMEx_Break2Callback)
    i.HAL_TIMEx_BreakCallback                0x08001b82   Section        0  stm32g4xx_hal_tim_ex.o(i.HAL_TIMEx_BreakCallback)
    i.HAL_TIMEx_CommutCallback               0x08001b84   Section        0  stm32g4xx_hal_tim_ex.o(i.HAL_TIMEx_CommutCallback)
    i.HAL_TIMEx_DirectionChangeCallback      0x08001b86   Section        0  stm32g4xx_hal_tim_ex.o(i.HAL_TIMEx_DirectionChangeCallback)
    i.HAL_TIMEx_EncoderIndexCallback         0x08001b88   Section        0  stm32g4xx_hal_tim_ex.o(i.HAL_TIMEx_EncoderIndexCallback)
    i.HAL_TIMEx_IndexErrorCallback           0x08001b8a   Section        0  stm32g4xx_hal_tim_ex.o(i.HAL_TIMEx_IndexErrorCallback)
    i.HAL_TIMEx_MasterConfigSynchronization  0x08001b8c   Section        0  stm32g4xx_hal_tim_ex.o(i.HAL_TIMEx_MasterConfigSynchronization)
    i.HAL_TIMEx_TransitionErrorCallback      0x08001c28   Section        0  stm32g4xx_hal_tim_ex.o(i.HAL_TIMEx_TransitionErrorCallback)
    i.HAL_TIM_Base_Init                      0x08001c2a   Section        0  stm32g4xx_hal_tim.o(i.HAL_TIM_Base_Init)
    i.HAL_TIM_Base_MspInit                   0x08001c8c   Section        0  tim.o(i.HAL_TIM_Base_MspInit)
    i.HAL_TIM_Base_Start_IT                  0x08001d18   Section        0  stm32g4xx_hal_tim.o(i.HAL_TIM_Base_Start_IT)
    i.HAL_TIM_Base_Stop_IT                   0x08001d90   Section        0  stm32g4xx_hal_tim.o(i.HAL_TIM_Base_Stop_IT)
    i.HAL_TIM_ConfigClockSource              0x08001dc0   Section        0  stm32g4xx_hal_tim.o(i.HAL_TIM_ConfigClockSource)
    i.HAL_TIM_GenerateEvent                  0x08001ec0   Section        0  stm32g4xx_hal_tim.o(i.HAL_TIM_GenerateEvent)
    i.HAL_TIM_IC_CaptureCallback             0x08001ee6   Section        0  stm32g4xx_hal_tim.o(i.HAL_TIM_IC_CaptureCallback)
    i.HAL_TIM_IRQHandler                     0x08001ee8   Section        0  stm32g4xx_hal_tim.o(i.HAL_TIM_IRQHandler)
    i.HAL_TIM_MspPostInit                    0x080020e4   Section        0  tim.o(i.HAL_TIM_MspPostInit)
    i.HAL_TIM_OC_DelayElapsedCallback        0x08002130   Section        0  stm32g4xx_hal_tim.o(i.HAL_TIM_OC_DelayElapsedCallback)
    i.HAL_TIM_PWM_ConfigChannel              0x08002132   Section        0  stm32g4xx_hal_tim.o(i.HAL_TIM_PWM_ConfigChannel)
    i.HAL_TIM_PWM_Init                       0x08002256   Section        0  stm32g4xx_hal_tim.o(i.HAL_TIM_PWM_Init)
    i.HAL_TIM_PWM_MspInit                    0x080022b8   Section        0  tim.o(i.HAL_TIM_PWM_MspInit)
    i.HAL_TIM_PWM_PulseFinishedCallback      0x080022dc   Section        0  stm32g4xx_hal_tim.o(i.HAL_TIM_PWM_PulseFinishedCallback)
    i.HAL_TIM_PWM_Start                      0x080022e0   Section        0  stm32g4xx_hal_tim.o(i.HAL_TIM_PWM_Start)
    i.HAL_TIM_PeriodElapsedCallback          0x080023dc   Section        0  interrupt.o(i.HAL_TIM_PeriodElapsedCallback)
    i.HAL_TIM_TriggerCallback                0x08002568   Section        0  stm32g4xx_hal_tim.o(i.HAL_TIM_TriggerCallback)
    i.HAL_UARTEx_DisableFifoMode             0x0800256a   Section        0  stm32g4xx_hal_uart_ex.o(i.HAL_UARTEx_DisableFifoMode)
    i.HAL_UARTEx_RxEventCallback             0x080025a8   Section        0  stm32g4xx_hal_uart.o(i.HAL_UARTEx_RxEventCallback)
    i.HAL_UARTEx_RxFifoFullCallback          0x080025aa   Section        0  stm32g4xx_hal_uart_ex.o(i.HAL_UARTEx_RxFifoFullCallback)
    i.HAL_UARTEx_SetRxFifoThreshold          0x080025ac   Section        0  stm32g4xx_hal_uart_ex.o(i.HAL_UARTEx_SetRxFifoThreshold)
    i.HAL_UARTEx_SetTxFifoThreshold          0x080025f8   Section        0  stm32g4xx_hal_uart_ex.o(i.HAL_UARTEx_SetTxFifoThreshold)
    i.HAL_UARTEx_TxFifoEmptyCallback         0x08002644   Section        0  stm32g4xx_hal_uart_ex.o(i.HAL_UARTEx_TxFifoEmptyCallback)
    i.HAL_UARTEx_WakeupCallback              0x08002646   Section        0  stm32g4xx_hal_uart_ex.o(i.HAL_UARTEx_WakeupCallback)
    i.HAL_UART_ErrorCallback                 0x08002648   Section        0  stm32g4xx_hal_uart.o(i.HAL_UART_ErrorCallback)
    i.HAL_UART_IRQHandler                    0x0800264c   Section        0  stm32g4xx_hal_uart.o(i.HAL_UART_IRQHandler)
    i.HAL_UART_Init                          0x0800292c   Section        0  stm32g4xx_hal_uart.o(i.HAL_UART_Init)
    i.HAL_UART_MspInit                       0x08002998   Section        0  usart.o(i.HAL_UART_MspInit)
    i.HAL_UART_Receive_IT                    0x08002a24   Section        0  stm32g4xx_hal_uart.o(i.HAL_UART_Receive_IT)
    i.HAL_UART_RxCpltCallback                0x08002a78   Section        0  interrupt.o(i.HAL_UART_RxCpltCallback)
    i.HAL_UART_Transmit                      0x08002aac   Section        0  stm32g4xx_hal_uart.o(i.HAL_UART_Transmit)
    i.HAL_UART_TxCpltCallback                0x08002b68   Section        0  stm32g4xx_hal_uart.o(i.HAL_UART_TxCpltCallback)
    i.HardFault_Handler                      0x08002b6a   Section        0  stm32g4xx_it.o(i.HardFault_Handler)
    i.LCD_BusIn                              0x08002b6c   Section        0  lcd.o(i.LCD_BusIn)
    i.LCD_BusOut                             0x08002b98   Section        0  lcd.o(i.LCD_BusOut)
    i.LCD_Clear                              0x08002bc8   Section        0  lcd.o(i.LCD_Clear)
    i.LCD_CtrlLinesConfig                    0x08002bec   Section        0  lcd.o(i.LCD_CtrlLinesConfig)
    i.LCD_DisplayChar                        0x08002c7c   Section        0  lcd.o(i.LCD_DisplayChar)
    i.LCD_DisplayStringLine                  0x08002c94   Section        0  lcd.o(i.LCD_DisplayStringLine)
    i.LCD_DrawChar                           0x08002cc0   Section        0  lcd.o(i.LCD_DrawChar)
    i.LCD_Init                               0x08002d18   Section        0  lcd.o(i.LCD_Init)
    i.LCD_ReadReg                            0x08002d4c   Section        0  lcd.o(i.LCD_ReadReg)
    i.LCD_SetBackColor                       0x08002dcc   Section        0  lcd.o(i.LCD_SetBackColor)
    i.LCD_SetCursor                          0x08002ddc   Section        0  lcd.o(i.LCD_SetCursor)
    i.LCD_SetTextColor                       0x08002df4   Section        0  lcd.o(i.LCD_SetTextColor)
    i.LCD_WriteRAM                           0x08002e04   Section        0  lcd.o(i.LCD_WriteRAM)
    i.LCD_WriteRAM_Prepare                   0x08002e5c   Section        0  lcd.o(i.LCD_WriteRAM_Prepare)
    i.LCD_WriteReg                           0x08002eb8   Section        0  lcd.o(i.LCD_WriteReg)
    i.MX_GPIO_Init                           0x08002f24   Section        0  gpio.o(i.MX_GPIO_Init)
    i.MX_TIM2_Init                           0x0800305c   Section        0  tim.o(i.MX_TIM2_Init)
    i.MX_TIM3_Init                           0x080030d0   Section        0  tim.o(i.MX_TIM3_Init)
    i.MX_TIM4_Init                           0x08003138   Section        0  tim.o(i.MX_TIM4_Init)
    i.MX_TIM6_Init                           0x080031a0   Section        0  tim.o(i.MX_TIM6_Init)
    i.MX_USART1_UART_Init                    0x080031e8   Section        0  usart.o(i.MX_USART1_UART_Init)
    i.MemManage_Handler                      0x08003250   Section        0  stm32g4xx_it.o(i.MemManage_Handler)
    i.NMI_Handler                            0x08003252   Section        0  stm32g4xx_it.o(i.NMI_Handler)
    i.PendSV_Handler                         0x08003254   Section        0  stm32g4xx_it.o(i.PendSV_Handler)
    i.REG_8230_Init                          0x08003256   Section        0  lcd.o(i.REG_8230_Init)
    i.REG_932X_Init                          0x08003368   Section        0  lcd.o(i.REG_932X_Init)
    i.Rx_Proc                                0x0800356c   Section        0  main.o(i.Rx_Proc)
    i.SVC_Handler                            0x08003648   Section        0  stm32g4xx_it.o(i.SVC_Handler)
    i.SysTick_Handler                        0x0800364a   Section        0  stm32g4xx_it.o(i.SysTick_Handler)
    i.SystemClock_Config                     0x0800364e   Section        0  main.o(i.SystemClock_Config)
    i.SystemInit                             0x080036b8   Section        0  system_stm32g4xx.o(i.SystemInit)
    i.TIM3_IRQHandler                        0x080036c8   Section        0  stm32g4xx_it.o(i.TIM3_IRQHandler)
    i.TIM4_IRQHandler                        0x080036d4   Section        0  stm32g4xx_it.o(i.TIM4_IRQHandler)
    i.TIM6_DAC_IRQHandler                    0x080036e0   Section        0  stm32g4xx_it.o(i.TIM6_DAC_IRQHandler)
    i.TIM_Base_SetConfig                     0x080036ec   Section        0  stm32g4xx_hal_tim.o(i.TIM_Base_SetConfig)
    i.TIM_CCxChannelCmd                      0x0800379c   Section        0  stm32g4xx_hal_tim.o(i.TIM_CCxChannelCmd)
    i.TIM_ETR_SetConfig                      0x080037b6   Section        0  stm32g4xx_hal_tim.o(i.TIM_ETR_SetConfig)
    i.TIM_ITRx_SetConfig                     0x080037cc   Section        0  stm32g4xx_hal_tim.o(i.TIM_ITRx_SetConfig)
    TIM_ITRx_SetConfig                       0x080037cd   Thumb Code    16  stm32g4xx_hal_tim.o(i.TIM_ITRx_SetConfig)
    i.TIM_OC1_SetConfig                      0x080037e0   Section        0  stm32g4xx_hal_tim.o(i.TIM_OC1_SetConfig)
    TIM_OC1_SetConfig                        0x080037e1   Thumb Code   132  stm32g4xx_hal_tim.o(i.TIM_OC1_SetConfig)
    i.TIM_OC2_SetConfig                      0x0800387c   Section        0  stm32g4xx_hal_tim.o(i.TIM_OC2_SetConfig)
    i.TIM_OC3_SetConfig                      0x0800390c   Section        0  stm32g4xx_hal_tim.o(i.TIM_OC3_SetConfig)
    TIM_OC3_SetConfig                        0x0800390d   Thumb Code   118  stm32g4xx_hal_tim.o(i.TIM_OC3_SetConfig)
    i.TIM_OC4_SetConfig                      0x0800399c   Section        0  stm32g4xx_hal_tim.o(i.TIM_OC4_SetConfig)
    TIM_OC4_SetConfig                        0x0800399d   Thumb Code   120  stm32g4xx_hal_tim.o(i.TIM_OC4_SetConfig)
    i.TIM_OC5_SetConfig                      0x08003a2c   Section        0  stm32g4xx_hal_tim.o(i.TIM_OC5_SetConfig)
    TIM_OC5_SetConfig                        0x08003a2d   Thumb Code    86  stm32g4xx_hal_tim.o(i.TIM_OC5_SetConfig)
    i.TIM_OC6_SetConfig                      0x08003a9c   Section        0  stm32g4xx_hal_tim.o(i.TIM_OC6_SetConfig)
    TIM_OC6_SetConfig                        0x08003a9d   Thumb Code    88  stm32g4xx_hal_tim.o(i.TIM_OC6_SetConfig)
    i.TIM_TI1_ConfigInputStage               0x08003b0c   Section        0  stm32g4xx_hal_tim.o(i.TIM_TI1_ConfigInputStage)
    TIM_TI1_ConfigInputStage                 0x08003b0d   Thumb Code    34  stm32g4xx_hal_tim.o(i.TIM_TI1_ConfigInputStage)
    i.TIM_TI2_ConfigInputStage               0x08003b2e   Section        0  stm32g4xx_hal_tim.o(i.TIM_TI2_ConfigInputStage)
    TIM_TI2_ConfigInputStage                 0x08003b2f   Thumb Code    36  stm32g4xx_hal_tim.o(i.TIM_TI2_ConfigInputStage)
    i.UARTEx_SetNbDataToProcess              0x08003b54   Section        0  stm32g4xx_hal_uart_ex.o(i.UARTEx_SetNbDataToProcess)
    UARTEx_SetNbDataToProcess                0x08003b55   Thumb Code    62  stm32g4xx_hal_uart_ex.o(i.UARTEx_SetNbDataToProcess)
    i.UART_AdvFeatureConfig                  0x08003b98   Section        0  stm32g4xx_hal_uart.o(i.UART_AdvFeatureConfig)
    i.UART_CheckIdleState                    0x08003c60   Section        0  stm32g4xx_hal_uart.o(i.UART_CheckIdleState)
    i.UART_DMAAbortOnError                   0x08003cc0   Section        0  stm32g4xx_hal_uart.o(i.UART_DMAAbortOnError)
    UART_DMAAbortOnError                     0x08003cc1   Thumb Code    20  stm32g4xx_hal_uart.o(i.UART_DMAAbortOnError)
    i.UART_EndRxTransfer                     0x08003cd4   Section        0  stm32g4xx_hal_uart.o(i.UART_EndRxTransfer)
    UART_EndRxTransfer                       0x08003cd5   Thumb Code    78  stm32g4xx_hal_uart.o(i.UART_EndRxTransfer)
    i.UART_RxISR_16BIT                       0x08003d28   Section        0  stm32g4xx_hal_uart.o(i.UART_RxISR_16BIT)
    UART_RxISR_16BIT                         0x08003d29   Thumb Code   162  stm32g4xx_hal_uart.o(i.UART_RxISR_16BIT)
    i.UART_RxISR_16BIT_FIFOEN                0x08003dcc   Section        0  stm32g4xx_hal_uart.o(i.UART_RxISR_16BIT_FIFOEN)
    UART_RxISR_16BIT_FIFOEN                  0x08003dcd   Thumb Code   364  stm32g4xx_hal_uart.o(i.UART_RxISR_16BIT_FIFOEN)
    i.UART_RxISR_8BIT                        0x08003f40   Section        0  stm32g4xx_hal_uart.o(i.UART_RxISR_8BIT)
    UART_RxISR_8BIT                          0x08003f41   Thumb Code   162  stm32g4xx_hal_uart.o(i.UART_RxISR_8BIT)
    i.UART_RxISR_8BIT_FIFOEN                 0x08003fe4   Section        0  stm32g4xx_hal_uart.o(i.UART_RxISR_8BIT_FIFOEN)
    UART_RxISR_8BIT_FIFOEN                   0x08003fe5   Thumb Code   364  stm32g4xx_hal_uart.o(i.UART_RxISR_8BIT_FIFOEN)
    i.UART_SetConfig                         0x08004158   Section        0  stm32g4xx_hal_uart.o(i.UART_SetConfig)
    i.UART_Start_Receive_IT                  0x080043cc   Section        0  stm32g4xx_hal_uart.o(i.UART_Start_Receive_IT)
    i.UART_WaitOnFlagUntilTimeout            0x080044e4   Section        0  stm32g4xx_hal_uart.o(i.UART_WaitOnFlagUntilTimeout)
    i.USART1_IRQHandler                      0x080045ac   Section        0  stm32g4xx_it.o(i.USART1_IRQHandler)
    i.UsageFault_Handler                     0x080045b8   Section        0  stm32g4xx_it.o(i.UsageFault_Handler)
    i.__NVIC_SetPriority                     0x080045ba   Section        0  stm32g4xx_hal_cortex.o(i.__NVIC_SetPriority)
    __NVIC_SetPriority                       0x080045bb   Thumb Code    32  stm32g4xx_hal_cortex.o(i.__NVIC_SetPriority)
    i.key_pro                                0x080045dc   Section        0  main.o(i.key_pro)
    i.led_disp                               0x080046c4   Section        0  led.o(i.led_disp)
    i.main                                   0x08004704   Section        0  main.o(i.main)
    i.pwm_pro                                0x08004790   Section        0  main.o(i.pwm_pro)
    i.view_pro                               0x080047b4   Section        0  main.o(i.view_pro)
    locale$$code                             0x080048e4   Section       44  lc_ctype_c.o(locale$$code)
    x$fpl$fpinit                             0x08004910   Section       10  fpinit.o(x$fpl$fpinit)
    $v0                                      0x08004910   Number         0  fpinit.o(x$fpl$fpinit)
    .constdata                               0x0800491a   Section       24  stm32g4xx_hal_uart.o(.constdata)
    .constdata                               0x08004932   Section       16  stm32g4xx_hal_uart_ex.o(.constdata)
    numerator                                0x08004932   Data           8  stm32g4xx_hal_uart_ex.o(.constdata)
    denominator                              0x0800493a   Data           8  stm32g4xx_hal_uart_ex.o(.constdata)
    .constdata                               0x08004942   Section       16  system_stm32g4xx.o(.constdata)
    .constdata                               0x08004952   Section        8  system_stm32g4xx.o(.constdata)
    .constdata                               0x0800495a   Section     4560  lcd.o(.constdata)
    locale$$data                             0x08005b4c   Section      272  lc_ctype_c.o(locale$$data)
    __lcctype_c_name                         0x08005b50   Data           2  lc_ctype_c.o(locale$$data)
    __lcctype_c_start                        0x08005b58   Data           0  lc_ctype_c.o(locale$$data)
    __lcctype_c_end                          0x08005c5c   Data           0  lc_ctype_c.o(locale$$data)
    .data                                    0x20000000   Section       16  main.o(.data)
    .data                                    0x20000010   Section       12  stm32g4xx_hal.o(.data)
    .data                                    0x2000001c   Section        4  system_stm32g4xx.o(.data)
    .data                                    0x20000020   Section        6  lcd.o(.data)
    TextColor                                0x20000020   Data           2  lcd.o(.data)
    BackColor                                0x20000022   Data           2  lcd.o(.data)
    .data                                    0x20000028   Section       16  interrupt.o(.data)
    .bss                                     0x20000038   Section      304  tim.o(.bss)
    .bss                                     0x20000168   Section      144  usart.o(.bss)
    .bss                                     0x200001f8   Section       78  interrupt.o(.bss)
    .bss                                     0x20000248   Section       96  libspace.o(.bss)
    HEAP                                     0x200002a8   Section      512  startup_stm32g431xx.o(HEAP)
    Heap_Mem                                 0x200002a8   Data         512  startup_stm32g431xx.o(HEAP)
    STACK                                    0x200004a8   Section     1024  startup_stm32g431xx.o(STACK)
    Stack_Mem                                0x200004a8   Data        1024  startup_stm32g431xx.o(STACK)
    __initial_sp                             0x200008a8   Data           0  startup_stm32g431xx.o(STACK)

    Global Symbols

    Symbol Name                              Value     Ov Type        Size  Object(Section)

    BuildAttributes$$THM_ISAv4$E$P$D$K$B$S$7EM$VFPi3$EXTD16$VFPS$VFMA$PE$A:L22UL41UL21$X:L11$S22US41US21$IEEE1$IW$USESV6$~STKCKD$USESV7$~SHL$OSPACE$ROPI$EBA8$UX$STANDARDLIB$REQ8$PRES8$EABIv2 0x00000000   Number         0  anon$$obj.o ABSOLUTE
    __ARM_use_no_argv                        0x00000000   Number         0  main.o ABSOLUTE
    __ARM_exceptions_init                     - Undefined Weak Reference
    __alloca_initialize                       - Undefined Weak Reference
    __arm_preinit_                            - Undefined Weak Reference
    __cpp_initialize__aeabi_                  - Undefined Weak Reference
    __cxa_finalize                            - Undefined Weak Reference
    __sigvec_lookup                           - Undefined Weak Reference
    _atexit_init                              - Undefined Weak Reference
    _call_atexit_fns                          - Undefined Weak Reference
    _clock_init                               - Undefined Weak Reference
    _fp_trap_init                             - Undefined Weak Reference
    _fp_trap_shutdown                         - Undefined Weak Reference
    _get_lc_collate                           - Undefined Weak Reference
    _get_lc_monetary                          - Undefined Weak Reference
    _get_lc_numeric                           - Undefined Weak Reference
    _get_lc_time                              - Undefined Weak Reference
    _getenv_init                              - Undefined Weak Reference
    _handle_redirection                       - Undefined Weak Reference
    _init_alloc                               - Undefined Weak Reference
    _init_user_alloc                          - Undefined Weak Reference
    _initio                                   - Undefined Weak Reference
    _printf_post_padding                      - Undefined Weak Reference
    _printf_pre_padding                       - Undefined Weak Reference
    _printf_truncate_signed                   - Undefined Weak Reference
    _printf_truncate_unsigned                 - Undefined Weak Reference
    _rand_init                                - Undefined Weak Reference
    _scanf_int                                - Undefined Weak Reference
    _scanf_longlong                           - Undefined Weak Reference
    _scanf_mbtowc                             - Undefined Weak Reference
    _scanf_real                               - Undefined Weak Reference
    _scanf_wctomb                             - Undefined Weak Reference
    _scanf_wstring                            - Undefined Weak Reference
    _signal_finish                            - Undefined Weak Reference
    _signal_init                              - Undefined Weak Reference
    _terminate_alloc                          - Undefined Weak Reference
    _terminate_user_alloc                     - Undefined Weak Reference
    _terminateio                              - Undefined Weak Reference
    __Vectors_Size                           0x000001d8   Number         0  startup_stm32g431xx.o ABSOLUTE
    __Vectors                                0x08000000   Data           4  startup_stm32g431xx.o(RESET)
    __Vectors_End                            0x080001d8   Data           0  startup_stm32g431xx.o(RESET)
    __main                                   0x080001d9   Thumb Code     8  __main.o(!!!main)
    __scatterload                            0x080001e1   Thumb Code     0  __scatter.o(!!!scatter)
    __scatterload_rt2                        0x080001e1   Thumb Code    44  __scatter.o(!!!scatter)
    __scatterload_rt2_thumb_only             0x080001e1   Thumb Code     0  __scatter.o(!!!scatter)
    __scatterload_null                       0x080001ef   Thumb Code     0  __scatter.o(!!!scatter)
    __scatterload_copy                       0x08000215   Thumb Code    26  __scatter_copy.o(!!handler_copy)
    __scatterload_zeroinit                   0x08000231   Thumb Code    28  __scatter_zi.o(!!handler_zi)
    _printf_d                                0x0800024d   Thumb Code     0  _printf_d.o(.ARM.Collect$$_printf_percent$$00000009)
    _printf_percent                          0x0800024d   Thumb Code     0  _printf_percent.o(.ARM.Collect$$_printf_percent$$00000000)
    _printf_percent_end                      0x08000253   Thumb Code     0  _printf_percent_end.o(.ARM.Collect$$_printf_percent$$00000017)
    __rt_lib_init                            0x08000257   Thumb Code     0  libinit.o(.ARM.Collect$$libinit$$00000000)
    __rt_lib_init_fp_1                       0x08000259   Thumb Code     0  libinit2.o(.ARM.Collect$$libinit$$00000001)
    __rt_lib_init_heap_1                     0x0800025d   Thumb Code     0  libinit2.o(.ARM.Collect$$libinit$$0000000A)
    __rt_lib_init_lc_common                  0x0800025d   Thumb Code     0  libinit2.o(.ARM.Collect$$libinit$$0000000F)
    __rt_lib_init_preinit_1                  0x0800025d   Thumb Code     0  libinit2.o(.ARM.Collect$$libinit$$00000004)
    __rt_lib_init_rand_1                     0x0800025d   Thumb Code     0  libinit2.o(.ARM.Collect$$libinit$$0000000E)
    __rt_lib_init_user_alloc_1               0x0800025d   Thumb Code     0  libinit2.o(.ARM.Collect$$libinit$$0000000C)
    __rt_lib_init_lc_collate_1               0x08000263   Thumb Code     0  libinit2.o(.ARM.Collect$$libinit$$00000011)
    __rt_lib_init_lc_ctype_2                 0x08000263   Thumb Code     0  libinit2.o(.ARM.Collect$$libinit$$00000012)
    __rt_lib_init_alloca_1                   0x0800026f   Thumb Code     0  libinit2.o(.ARM.Collect$$libinit$$0000002E)
    __rt_lib_init_argv_1                     0x0800026f   Thumb Code     0  libinit2.o(.ARM.Collect$$libinit$$0000002C)
    __rt_lib_init_atexit_1                   0x0800026f   Thumb Code     0  libinit2.o(.ARM.Collect$$libinit$$0000001B)
    __rt_lib_init_clock_1                    0x0800026f   Thumb Code     0  libinit2.o(.ARM.Collect$$libinit$$00000021)
    __rt_lib_init_cpp_1                      0x0800026f   Thumb Code     0  libinit2.o(.ARM.Collect$$libinit$$00000032)
    __rt_lib_init_exceptions_1               0x0800026f   Thumb Code     0  libinit2.o(.ARM.Collect$$libinit$$00000030)
    __rt_lib_init_fp_trap_1                  0x0800026f   Thumb Code     0  libinit2.o(.ARM.Collect$$libinit$$0000001F)
    __rt_lib_init_getenv_1                   0x0800026f   Thumb Code     0  libinit2.o(.ARM.Collect$$libinit$$00000023)
    __rt_lib_init_lc_ctype_1                 0x0800026f   Thumb Code     0  libinit2.o(.ARM.Collect$$libinit$$00000013)
    __rt_lib_init_lc_monetary_1              0x0800026f   Thumb Code     0  libinit2.o(.ARM.Collect$$libinit$$00000015)
    __rt_lib_init_lc_numeric_1               0x0800026f   Thumb Code     0  libinit2.o(.ARM.Collect$$libinit$$00000017)
    __rt_lib_init_lc_time_1                  0x0800026f   Thumb Code     0  libinit2.o(.ARM.Collect$$libinit$$00000019)
    __rt_lib_init_return                     0x0800026f   Thumb Code     0  libinit2.o(.ARM.Collect$$libinit$$00000033)
    __rt_lib_init_signal_1                   0x0800026f   Thumb Code     0  libinit2.o(.ARM.Collect$$libinit$$0000001D)
    __rt_lib_init_stdio_1                    0x0800026f   Thumb Code     0  libinit2.o(.ARM.Collect$$libinit$$00000025)
    __rt_lib_shutdown                        0x08000271   Thumb Code     0  libshutdown.o(.ARM.Collect$$libshutdown$$00000000)
    __rt_lib_shutdown_cpp_1                  0x08000273   Thumb Code     0  libshutdown2.o(.ARM.Collect$$libshutdown$$00000002)
    __rt_lib_shutdown_fp_trap_1              0x08000273   Thumb Code     0  libshutdown2.o(.ARM.Collect$$libshutdown$$00000007)
    __rt_lib_shutdown_heap_1                 0x08000273   Thumb Code     0  libshutdown2.o(.ARM.Collect$$libshutdown$$0000000F)
    __rt_lib_shutdown_return                 0x08000273   Thumb Code     0  libshutdown2.o(.ARM.Collect$$libshutdown$$00000010)
    __rt_lib_shutdown_signal_1               0x08000273   Thumb Code     0  libshutdown2.o(.ARM.Collect$$libshutdown$$0000000A)
    __rt_lib_shutdown_stdio_1                0x08000273   Thumb Code     0  libshutdown2.o(.ARM.Collect$$libshutdown$$00000004)
    __rt_lib_shutdown_user_alloc_1           0x08000273   Thumb Code     0  libshutdown2.o(.ARM.Collect$$libshutdown$$0000000C)
    __rt_entry                               0x08000275   Thumb Code     0  __rtentry.o(.ARM.Collect$$rtentry$$00000000)
    __rt_entry_presh_1                       0x08000275   Thumb Code     0  __rtentry2.o(.ARM.Collect$$rtentry$$00000002)
    __rt_entry_sh                            0x08000275   Thumb Code     0  __rtentry4.o(.ARM.Collect$$rtentry$$00000004)
    __rt_entry_li                            0x0800027b   Thumb Code     0  __rtentry2.o(.ARM.Collect$$rtentry$$0000000A)
    __rt_entry_postsh_1                      0x0800027b   Thumb Code     0  __rtentry2.o(.ARM.Collect$$rtentry$$00000009)
    __rt_entry_main                          0x0800027f   Thumb Code     0  __rtentry2.o(.ARM.Collect$$rtentry$$0000000D)
    __rt_entry_postli_1                      0x0800027f   Thumb Code     0  __rtentry2.o(.ARM.Collect$$rtentry$$0000000C)
    __rt_exit                                0x08000287   Thumb Code     0  rtexit.o(.ARM.Collect$$rtexit$$00000000)
    __rt_exit_ls                             0x08000289   Thumb Code     0  rtexit2.o(.ARM.Collect$$rtexit$$00000003)
    __rt_exit_prels_1                        0x08000289   Thumb Code     0  rtexit2.o(.ARM.Collect$$rtexit$$00000002)
    __rt_exit_exit                           0x0800028d   Thumb Code     0  rtexit2.o(.ARM.Collect$$rtexit$$00000004)
    Reset_Handler                            0x08000295   Thumb Code     8  startup_stm32g431xx.o(.text)
    ADC1_2_IRQHandler                        0x080002af   Thumb Code     0  startup_stm32g431xx.o(.text)
    COMP1_2_3_IRQHandler                     0x080002af   Thumb Code     0  startup_stm32g431xx.o(.text)
    COMP4_IRQHandler                         0x080002af   Thumb Code     0  startup_stm32g431xx.o(.text)
    CORDIC_IRQHandler                        0x080002af   Thumb Code     0  startup_stm32g431xx.o(.text)
    CRS_IRQHandler                           0x080002af   Thumb Code     0  startup_stm32g431xx.o(.text)
    DMA1_Channel1_IRQHandler                 0x080002af   Thumb Code     0  startup_stm32g431xx.o(.text)
    DMA1_Channel2_IRQHandler                 0x080002af   Thumb Code     0  startup_stm32g431xx.o(.text)
    DMA1_Channel3_IRQHandler                 0x080002af   Thumb Code     0  startup_stm32g431xx.o(.text)
    DMA1_Channel4_IRQHandler                 0x080002af   Thumb Code     0  startup_stm32g431xx.o(.text)
    DMA1_Channel5_IRQHandler                 0x080002af   Thumb Code     0  startup_stm32g431xx.o(.text)
    DMA1_Channel6_IRQHandler                 0x080002af   Thumb Code     0  startup_stm32g431xx.o(.text)
    DMA2_Channel1_IRQHandler                 0x080002af   Thumb Code     0  startup_stm32g431xx.o(.text)
    DMA2_Channel2_IRQHandler                 0x080002af   Thumb Code     0  startup_stm32g431xx.o(.text)
    DMA2_Channel3_IRQHandler                 0x080002af   Thumb Code     0  startup_stm32g431xx.o(.text)
    DMA2_Channel4_IRQHandler                 0x080002af   Thumb Code     0  startup_stm32g431xx.o(.text)
    DMA2_Channel5_IRQHandler                 0x080002af   Thumb Code     0  startup_stm32g431xx.o(.text)
    DMA2_Channel6_IRQHandler                 0x080002af   Thumb Code     0  startup_stm32g431xx.o(.text)
    DMAMUX_OVR_IRQHandler                    0x080002af   Thumb Code     0  startup_stm32g431xx.o(.text)
    EXTI0_IRQHandler                         0x080002af   Thumb Code     0  startup_stm32g431xx.o(.text)
    EXTI15_10_IRQHandler                     0x080002af   Thumb Code     0  startup_stm32g431xx.o(.text)
    EXTI1_IRQHandler                         0x080002af   Thumb Code     0  startup_stm32g431xx.o(.text)
    EXTI2_IRQHandler                         0x080002af   Thumb Code     0  startup_stm32g431xx.o(.text)
    EXTI3_IRQHandler                         0x080002af   Thumb Code     0  startup_stm32g431xx.o(.text)
    EXTI4_IRQHandler                         0x080002af   Thumb Code     0  startup_stm32g431xx.o(.text)
    EXTI9_5_IRQHandler                       0x080002af   Thumb Code     0  startup_stm32g431xx.o(.text)
    FDCAN1_IT0_IRQHandler                    0x080002af   Thumb Code     0  startup_stm32g431xx.o(.text)
    FDCAN1_IT1_IRQHandler                    0x080002af   Thumb Code     0  startup_stm32g431xx.o(.text)
    FLASH_IRQHandler                         0x080002af   Thumb Code     0  startup_stm32g431xx.o(.text)
    FMAC_IRQHandler                          0x080002af   Thumb Code     0  startup_stm32g431xx.o(.text)
    FPU_IRQHandler                           0x080002af   Thumb Code     0  startup_stm32g431xx.o(.text)
    I2C1_ER_IRQHandler                       0x080002af   Thumb Code     0  startup_stm32g431xx.o(.text)
    I2C1_EV_IRQHandler                       0x080002af   Thumb Code     0  startup_stm32g431xx.o(.text)
    I2C2_ER_IRQHandler                       0x080002af   Thumb Code     0  startup_stm32g431xx.o(.text)
    I2C2_EV_IRQHandler                       0x080002af   Thumb Code     0  startup_stm32g431xx.o(.text)
    I2C3_ER_IRQHandler                       0x080002af   Thumb Code     0  startup_stm32g431xx.o(.text)
    I2C3_EV_IRQHandler                       0x080002af   Thumb Code     0  startup_stm32g431xx.o(.text)
    LPTIM1_IRQHandler                        0x080002af   Thumb Code     0  startup_stm32g431xx.o(.text)
    LPUART1_IRQHandler                       0x080002af   Thumb Code     0  startup_stm32g431xx.o(.text)
    PVD_PVM_IRQHandler                       0x080002af   Thumb Code     0  startup_stm32g431xx.o(.text)
    RCC_IRQHandler                           0x080002af   Thumb Code     0  startup_stm32g431xx.o(.text)
    RNG_IRQHandler                           0x080002af   Thumb Code     0  startup_stm32g431xx.o(.text)
    RTC_Alarm_IRQHandler                     0x080002af   Thumb Code     0  startup_stm32g431xx.o(.text)
    RTC_TAMP_LSECSS_IRQHandler               0x080002af   Thumb Code     0  startup_stm32g431xx.o(.text)
    RTC_WKUP_IRQHandler                      0x080002af   Thumb Code     0  startup_stm32g431xx.o(.text)
    SAI1_IRQHandler                          0x080002af   Thumb Code     0  startup_stm32g431xx.o(.text)
    SPI1_IRQHandler                          0x080002af   Thumb Code     0  startup_stm32g431xx.o(.text)
    SPI2_IRQHandler                          0x080002af   Thumb Code     0  startup_stm32g431xx.o(.text)
    SPI3_IRQHandler                          0x080002af   Thumb Code     0  startup_stm32g431xx.o(.text)
    TIM1_BRK_TIM15_IRQHandler                0x080002af   Thumb Code     0  startup_stm32g431xx.o(.text)
    TIM1_CC_IRQHandler                       0x080002af   Thumb Code     0  startup_stm32g431xx.o(.text)
    TIM1_TRG_COM_TIM17_IRQHandler            0x080002af   Thumb Code     0  startup_stm32g431xx.o(.text)
    TIM1_UP_TIM16_IRQHandler                 0x080002af   Thumb Code     0  startup_stm32g431xx.o(.text)
    TIM2_IRQHandler                          0x080002af   Thumb Code     0  startup_stm32g431xx.o(.text)
    TIM7_IRQHandler                          0x080002af   Thumb Code     0  startup_stm32g431xx.o(.text)
    TIM8_BRK_IRQHandler                      0x080002af   Thumb Code     0  startup_stm32g431xx.o(.text)
    TIM8_CC_IRQHandler                       0x080002af   Thumb Code     0  startup_stm32g431xx.o(.text)
    TIM8_TRG_COM_IRQHandler                  0x080002af   Thumb Code     0  startup_stm32g431xx.o(.text)
    TIM8_UP_IRQHandler                       0x080002af   Thumb Code     0  startup_stm32g431xx.o(.text)
    UART4_IRQHandler                         0x080002af   Thumb Code     0  startup_stm32g431xx.o(.text)
    UCPD1_IRQHandler                         0x080002af   Thumb Code     0  startup_stm32g431xx.o(.text)
    USART2_IRQHandler                        0x080002af   Thumb Code     0  startup_stm32g431xx.o(.text)
    USART3_IRQHandler                        0x080002af   Thumb Code     0  startup_stm32g431xx.o(.text)
    USBWakeUp_IRQHandler                     0x080002af   Thumb Code     0  startup_stm32g431xx.o(.text)
    USB_HP_IRQHandler                        0x080002af   Thumb Code     0  startup_stm32g431xx.o(.text)
    USB_LP_IRQHandler                        0x080002af   Thumb Code     0  startup_stm32g431xx.o(.text)
    WWDG_IRQHandler                          0x080002af   Thumb Code     0  startup_stm32g431xx.o(.text)
    __user_initial_stackheap                 0x080002b1   Thumb Code     0  startup_stm32g431xx.o(.text)
    __aeabi_uldivmod                         0x080002d5   Thumb Code     0  lludivv7m.o(.text)
    _ll_udiv                                 0x080002d5   Thumb Code   238  lludivv7m.o(.text)
    __2sprintf                               0x080003c5   Thumb Code    34  noretval__2sprintf.o(.text)
    __printf                                 0x080003ed   Thumb Code   104  __printf.o(.text)
    _printf_int_dec                          0x08000455   Thumb Code   104  _printf_dec.o(.text)
    __0sscanf                                0x080004cd   Thumb Code    52  __0sscanf.o(.text)
    _scanf_string                            0x08000509   Thumb Code   224  _scanf_str.o(.text)
    strlen                                   0x080005e9   Thumb Code    62  strlen.o(.text)
    __aeabi_memclr                           0x08000627   Thumb Code     0  rt_memclr.o(.text)
    __rt_memclr                              0x08000627   Thumb Code    68  rt_memclr.o(.text)
    _memset                                  0x0800062b   Thumb Code     0  rt_memclr.o(.text)
    __aeabi_memclr4                          0x0800066b   Thumb Code     0  rt_memclr_w.o(.text)
    __aeabi_memclr8                          0x0800066b   Thumb Code     0  rt_memclr_w.o(.text)
    __rt_memclr_w                            0x0800066b   Thumb Code    78  rt_memclr_w.o(.text)
    _memset_w                                0x0800066f   Thumb Code     0  rt_memclr_w.o(.text)
    __use_two_region_memory                  0x080006b9   Thumb Code     2  heapauxi.o(.text)
    __rt_heap_escrow$2region                 0x080006bb   Thumb Code     2  heapauxi.o(.text)
    __rt_heap_expand$2region                 0x080006bd   Thumb Code     2  heapauxi.o(.text)
    _printf_int_common                       0x080006bf   Thumb Code   178  _printf_intcommon.o(.text)
    _printf_char_common                      0x0800077b   Thumb Code    32  _printf_char_common.o(.text)
    _sputc                                   0x080007a1   Thumb Code    10  _sputc.o(.text)
    __vfscanf_char                           0x080007b9   Thumb Code    24  scanf_char.o(.text)
    _sgetc                                   0x080007d9   Thumb Code    30  _sgetc.o(.text)
    _sbackspace                              0x080007f7   Thumb Code    34  _sgetc.o(.text)
    isspace                                  0x08000819   Thumb Code    18  isspace.o(.text)
    __vfscanf                                0x0800082d   Thumb Code   878  _scanf.o(.text)
    __user_setup_stackheap                   0x08000ba1   Thumb Code    74  sys_stackheap_outer.o(.text)
    __rt_ctype_table                         0x08000bed   Thumb Code    16  rt_ctype_table.o(.text)
    exit                                     0x08000bfd   Thumb Code    18  exit.o(.text)
    __user_libspace                          0x08000c11   Thumb Code     8  libspace.o(.text)
    __user_perproc_libspace                  0x08000c11   Thumb Code     0  libspace.o(.text)
    __user_perthread_libspace                0x08000c11   Thumb Code     0  libspace.o(.text)
    __rt_locale                              0x08000c19   Thumb Code     8  rt_locale_intlibspace.o(.text)
    _sys_exit                                0x08000c21   Thumb Code     8  sys_exit.o(.text)
    strcmp                                   0x08000c2d   Thumb Code   128  strcmpv7m.o(.text)
    __I$use$semihosting                      0x08000cad   Thumb Code     0  use_no_semi.o(.text)
    __use_no_semihosting_swi                 0x08000cad   Thumb Code     2  use_no_semi.o(.text)
    BusFault_Handler                         0x08000caf   Thumb Code     2  stm32g4xx_it.o(i.BusFault_Handler)
    __semihosting_library_function           0x08000caf   Thumb Code     0  indicate_semi.o(.text)
    DebugMon_Handler                         0x08000cb1   Thumb Code     2  stm32g4xx_it.o(i.DebugMon_Handler)
    Delay_LCD                                0x08000cb3   Thumb Code    28  lcd.o(i.Delay_LCD)
    Error_Handler                            0x08000ccf   Thumb Code     4  main.o(i.Error_Handler)
    HAL_DMA_Abort                            0x08000cd3   Thumb Code   106  stm32g4xx_hal_dma.o(i.HAL_DMA_Abort)
    HAL_DMA_Abort_IT                         0x08000d3d   Thumb Code   120  stm32g4xx_hal_dma.o(i.HAL_DMA_Abort_IT)
    HAL_Delay                                0x08000db5   Thumb Code    32  stm32g4xx_hal.o(i.HAL_Delay)
    HAL_GPIO_Init                            0x08000dd9   Thumb Code   550  stm32g4xx_hal_gpio.o(i.HAL_GPIO_Init)
    HAL_GPIO_ReadPin                         0x08001021   Thumb Code    10  stm32g4xx_hal_gpio.o(i.HAL_GPIO_ReadPin)
    HAL_GPIO_WritePin                        0x0800102b   Thumb Code    10  stm32g4xx_hal_gpio.o(i.HAL_GPIO_WritePin)
    HAL_GetTick                              0x08001035   Thumb Code     6  stm32g4xx_hal.o(i.HAL_GetTick)
    HAL_IncTick                              0x08001041   Thumb Code    12  stm32g4xx_hal.o(i.HAL_IncTick)
    HAL_Init                                 0x08001051   Thumb Code    30  stm32g4xx_hal.o(i.HAL_Init)
    HAL_InitTick                             0x08001071   Thumb Code    58  stm32g4xx_hal.o(i.HAL_InitTick)
    HAL_MspInit                              0x080010b5   Thumb Code    42  stm32g4xx_hal_msp.o(i.HAL_MspInit)
    HAL_NVIC_EnableIRQ                       0x080010e5   Thumb Code    26  stm32g4xx_hal_cortex.o(i.HAL_NVIC_EnableIRQ)
    HAL_NVIC_SetPriority                     0x08001101   Thumb Code    60  stm32g4xx_hal_cortex.o(i.HAL_NVIC_SetPriority)
    HAL_NVIC_SetPriorityGrouping             0x08001141   Thumb Code    26  stm32g4xx_hal_cortex.o(i.HAL_NVIC_SetPriorityGrouping)
    HAL_PWREx_ControlVoltageScaling          0x08001165   Thumb Code   174  stm32g4xx_hal_pwr_ex.o(i.HAL_PWREx_ControlVoltageScaling)
    HAL_PWREx_DisableUCPDDeadBattery         0x08001221   Thumb Code    12  stm32g4xx_hal_pwr_ex.o(i.HAL_PWREx_DisableUCPDDeadBattery)
    HAL_RCCEx_PeriphCLKConfig                0x08001231   Thumb Code   638  stm32g4xx_hal_rcc_ex.o(i.HAL_RCCEx_PeriphCLKConfig)
    HAL_RCC_ClockConfig                      0x080014b9   Thumb Code   444  stm32g4xx_hal_rcc.o(i.HAL_RCC_ClockConfig)
    HAL_RCC_GetPCLK1Freq                     0x08001695   Thumb Code    24  stm32g4xx_hal_rcc.o(i.HAL_RCC_GetPCLK1Freq)
    HAL_RCC_GetPCLK2Freq                     0x080016b9   Thumb Code    24  stm32g4xx_hal_rcc.o(i.HAL_RCC_GetPCLK2Freq)
    HAL_RCC_GetSysClockFreq                  0x080016dd   Thumb Code    98  stm32g4xx_hal_rcc.o(i.HAL_RCC_GetSysClockFreq)
    HAL_RCC_OscConfig                        0x0800174d   Thumb Code  1036  stm32g4xx_hal_rcc.o(i.HAL_RCC_OscConfig)
    HAL_SYSTICK_Config                       0x08001b59   Thumb Code    40  stm32g4xx_hal_cortex.o(i.HAL_SYSTICK_Config)
    HAL_TIMEx_Break2Callback                 0x08001b81   Thumb Code     2  stm32g4xx_hal_tim_ex.o(i.HAL_TIMEx_Break2Callback)
    HAL_TIMEx_BreakCallback                  0x08001b83   Thumb Code     2  stm32g4xx_hal_tim_ex.o(i.HAL_TIMEx_BreakCallback)
    HAL_TIMEx_CommutCallback                 0x08001b85   Thumb Code     2  stm32g4xx_hal_tim_ex.o(i.HAL_TIMEx_CommutCallback)
    HAL_TIMEx_DirectionChangeCallback        0x08001b87   Thumb Code     2  stm32g4xx_hal_tim_ex.o(i.HAL_TIMEx_DirectionChangeCallback)
    HAL_TIMEx_EncoderIndexCallback           0x08001b89   Thumb Code     2  stm32g4xx_hal_tim_ex.o(i.HAL_TIMEx_EncoderIndexCallback)
    HAL_TIMEx_IndexErrorCallback             0x08001b8b   Thumb Code     2  stm32g4xx_hal_tim_ex.o(i.HAL_TIMEx_IndexErrorCallback)
    HAL_TIMEx_MasterConfigSynchronization    0x08001b8d   Thumb Code   132  stm32g4xx_hal_tim_ex.o(i.HAL_TIMEx_MasterConfigSynchronization)
    HAL_TIMEx_TransitionErrorCallback        0x08001c29   Thumb Code     2  stm32g4xx_hal_tim_ex.o(i.HAL_TIMEx_TransitionErrorCallback)
    HAL_TIM_Base_Init                        0x08001c2b   Thumb Code    98  stm32g4xx_hal_tim.o(i.HAL_TIM_Base_Init)
    HAL_TIM_Base_MspInit                     0x08001c8d   Thumb Code   122  tim.o(i.HAL_TIM_Base_MspInit)
    HAL_TIM_Base_Start_IT                    0x08001d19   Thumb Code    94  stm32g4xx_hal_tim.o(i.HAL_TIM_Base_Start_IT)
    HAL_TIM_Base_Stop_IT                     0x08001d91   Thumb Code    48  stm32g4xx_hal_tim.o(i.HAL_TIM_Base_Stop_IT)
    HAL_TIM_ConfigClockSource                0x08001dc1   Thumb Code   246  stm32g4xx_hal_tim.o(i.HAL_TIM_ConfigClockSource)
    HAL_TIM_GenerateEvent                    0x08001ec1   Thumb Code    38  stm32g4xx_hal_tim.o(i.HAL_TIM_GenerateEvent)
    HAL_TIM_IC_CaptureCallback               0x08001ee7   Thumb Code     2  stm32g4xx_hal_tim.o(i.HAL_TIM_IC_CaptureCallback)
    HAL_TIM_IRQHandler                       0x08001ee9   Thumb Code   508  stm32g4xx_hal_tim.o(i.HAL_TIM_IRQHandler)
    HAL_TIM_MspPostInit                      0x080020e5   Thumb Code    70  tim.o(i.HAL_TIM_MspPostInit)
    HAL_TIM_OC_DelayElapsedCallback          0x08002131   Thumb Code     2  stm32g4xx_hal_tim.o(i.HAL_TIM_OC_DelayElapsedCallback)
    HAL_TIM_PWM_ConfigChannel                0x08002133   Thumb Code   292  stm32g4xx_hal_tim.o(i.HAL_TIM_PWM_ConfigChannel)
    HAL_TIM_PWM_Init                         0x08002257   Thumb Code    98  stm32g4xx_hal_tim.o(i.HAL_TIM_PWM_Init)
    HAL_TIM_PWM_MspInit                      0x080022b9   Thumb Code    30  tim.o(i.HAL_TIM_PWM_MspInit)
    HAL_TIM_PWM_PulseFinishedCallback        0x080022dd   Thumb Code     2  stm32g4xx_hal_tim.o(i.HAL_TIM_PWM_PulseFinishedCallback)
    HAL_TIM_PWM_Start                        0x080022e1   Thumb Code   218  stm32g4xx_hal_tim.o(i.HAL_TIM_PWM_Start)
    HAL_TIM_PeriodElapsedCallback            0x080023dd   Thumb Code   336  interrupt.o(i.HAL_TIM_PeriodElapsedCallback)
    HAL_TIM_TriggerCallback                  0x08002569   Thumb Code     2  stm32g4xx_hal_tim.o(i.HAL_TIM_TriggerCallback)
    HAL_UARTEx_DisableFifoMode               0x0800256b   Thumb Code    62  stm32g4xx_hal_uart_ex.o(i.HAL_UARTEx_DisableFifoMode)
    HAL_UARTEx_RxEventCallback               0x080025a9   Thumb Code     2  stm32g4xx_hal_uart.o(i.HAL_UARTEx_RxEventCallback)
    HAL_UARTEx_RxFifoFullCallback            0x080025ab   Thumb Code     2  stm32g4xx_hal_uart_ex.o(i.HAL_UARTEx_RxFifoFullCallback)
    HAL_UARTEx_SetRxFifoThreshold            0x080025ad   Thumb Code    76  stm32g4xx_hal_uart_ex.o(i.HAL_UARTEx_SetRxFifoThreshold)
    HAL_UARTEx_SetTxFifoThreshold            0x080025f9   Thumb Code    76  stm32g4xx_hal_uart_ex.o(i.HAL_UARTEx_SetTxFifoThreshold)
    HAL_UARTEx_TxFifoEmptyCallback           0x08002645   Thumb Code     2  stm32g4xx_hal_uart_ex.o(i.HAL_UARTEx_TxFifoEmptyCallback)
    HAL_UARTEx_WakeupCallback                0x08002647   Thumb Code     2  stm32g4xx_hal_uart_ex.o(i.HAL_UARTEx_WakeupCallback)
    HAL_UART_ErrorCallback                   0x08002649   Thumb Code     2  stm32g4xx_hal_uart.o(i.HAL_UART_ErrorCallback)
    HAL_UART_IRQHandler                      0x0800264d   Thumb Code   722  stm32g4xx_hal_uart.o(i.HAL_UART_IRQHandler)
    HAL_UART_Init                            0x0800292d   Thumb Code   106  stm32g4xx_hal_uart.o(i.HAL_UART_Init)
    HAL_UART_MspInit                         0x08002999   Thumb Code   132  usart.o(i.HAL_UART_MspInit)
    HAL_UART_Receive_IT                      0x08002a25   Thumb Code    80  stm32g4xx_hal_uart.o(i.HAL_UART_Receive_IT)
    HAL_UART_RxCpltCallback                  0x08002a79   Thumb Code    34  interrupt.o(i.HAL_UART_RxCpltCallback)
    HAL_UART_Transmit                        0x08002aad   Thumb Code   188  stm32g4xx_hal_uart.o(i.HAL_UART_Transmit)
    HAL_UART_TxCpltCallback                  0x08002b69   Thumb Code     2  stm32g4xx_hal_uart.o(i.HAL_UART_TxCpltCallback)
    HardFault_Handler                        0x08002b6b   Thumb Code     2  stm32g4xx_it.o(i.HardFault_Handler)
    LCD_BusIn                                0x08002b6d   Thumb Code    40  lcd.o(i.LCD_BusIn)
    LCD_BusOut                               0x08002b99   Thumb Code    42  lcd.o(i.LCD_BusOut)
    LCD_Clear                                0x08002bc9   Thumb Code    36  lcd.o(i.LCD_Clear)
    LCD_CtrlLinesConfig                      0x08002bed   Thumb Code   136  lcd.o(i.LCD_CtrlLinesConfig)
    LCD_DisplayChar                          0x08002c7d   Thumb Code    18  lcd.o(i.LCD_DisplayChar)
    LCD_DisplayStringLine                    0x08002c95   Thumb Code    42  lcd.o(i.LCD_DisplayStringLine)
    LCD_DrawChar                             0x08002cc1   Thumb Code    84  lcd.o(i.LCD_DrawChar)
    LCD_Init                                 0x08002d19   Thumb Code    46  lcd.o(i.LCD_Init)
    LCD_ReadReg                              0x08002d4d   Thumb Code   120  lcd.o(i.LCD_ReadReg)
    LCD_SetBackColor                         0x08002dcd   Thumb Code    12  lcd.o(i.LCD_SetBackColor)
    LCD_SetCursor                            0x08002ddd   Thumb Code    24  lcd.o(i.LCD_SetCursor)
    LCD_SetTextColor                         0x08002df5   Thumb Code    12  lcd.o(i.LCD_SetTextColor)
    LCD_WriteRAM                             0x08002e05   Thumb Code    80  lcd.o(i.LCD_WriteRAM)
    LCD_WriteRAM_Prepare                     0x08002e5d   Thumb Code    82  lcd.o(i.LCD_WriteRAM_Prepare)
    LCD_WriteReg                             0x08002eb9   Thumb Code   100  lcd.o(i.LCD_WriteReg)
    MX_GPIO_Init                             0x08002f25   Thumb Code   296  gpio.o(i.MX_GPIO_Init)
    MX_TIM2_Init                             0x0800305d   Thumb Code   110  tim.o(i.MX_TIM2_Init)
    MX_TIM3_Init                             0x080030d1   Thumb Code    96  tim.o(i.MX_TIM3_Init)
    MX_TIM4_Init                             0x08003139   Thumb Code    96  tim.o(i.MX_TIM4_Init)
    MX_TIM6_Init                             0x080031a1   Thumb Code    64  tim.o(i.MX_TIM6_Init)
    MX_USART1_UART_Init                      0x080031e9   Thumb Code    94  usart.o(i.MX_USART1_UART_Init)
    MemManage_Handler                        0x08003251   Thumb Code     2  stm32g4xx_it.o(i.MemManage_Handler)
    NMI_Handler                              0x08003253   Thumb Code     2  stm32g4xx_it.o(i.NMI_Handler)
    PendSV_Handler                           0x08003255   Thumb Code     2  stm32g4xx_it.o(i.PendSV_Handler)
    REG_8230_Init                            0x08003257   Thumb Code   274  lcd.o(i.REG_8230_Init)
    REG_932X_Init                            0x08003369   Thumb Code   514  lcd.o(i.REG_932X_Init)
    Rx_Proc                                  0x0800356d   Thumb Code   180  main.o(i.Rx_Proc)
    SVC_Handler                              0x08003649   Thumb Code     2  stm32g4xx_it.o(i.SVC_Handler)
    SysTick_Handler                          0x0800364b   Thumb Code     4  stm32g4xx_it.o(i.SysTick_Handler)
    SystemClock_Config                       0x0800364f   Thumb Code   106  main.o(i.SystemClock_Config)
    SystemInit                               0x080036b9   Thumb Code    12  system_stm32g4xx.o(i.SystemInit)
    TIM3_IRQHandler                          0x080036c9   Thumb Code     6  stm32g4xx_it.o(i.TIM3_IRQHandler)
    TIM4_IRQHandler                          0x080036d5   Thumb Code     6  stm32g4xx_it.o(i.TIM4_IRQHandler)
    TIM6_DAC_IRQHandler                      0x080036e1   Thumb Code     6  stm32g4xx_it.o(i.TIM6_DAC_IRQHandler)
    TIM_Base_SetConfig                       0x080036ed   Thumb Code   146  stm32g4xx_hal_tim.o(i.TIM_Base_SetConfig)
    TIM_CCxChannelCmd                        0x0800379d   Thumb Code    26  stm32g4xx_hal_tim.o(i.TIM_CCxChannelCmd)
    TIM_ETR_SetConfig                        0x080037b7   Thumb Code    20  stm32g4xx_hal_tim.o(i.TIM_ETR_SetConfig)
    TIM_OC2_SetConfig                        0x0800387d   Thumb Code   120  stm32g4xx_hal_tim.o(i.TIM_OC2_SetConfig)
    UART_AdvFeatureConfig                    0x08003b99   Thumb Code   200  stm32g4xx_hal_uart.o(i.UART_AdvFeatureConfig)
    UART_CheckIdleState                      0x08003c61   Thumb Code    96  stm32g4xx_hal_uart.o(i.UART_CheckIdleState)
    UART_SetConfig                           0x08004159   Thumb Code   582  stm32g4xx_hal_uart.o(i.UART_SetConfig)
    UART_Start_Receive_IT                    0x080043cd   Thumb Code   262  stm32g4xx_hal_uart.o(i.UART_Start_Receive_IT)
    UART_WaitOnFlagUntilTimeout              0x080044e5   Thumb Code   198  stm32g4xx_hal_uart.o(i.UART_WaitOnFlagUntilTimeout)
    USART1_IRQHandler                        0x080045ad   Thumb Code     6  stm32g4xx_it.o(i.USART1_IRQHandler)
    UsageFault_Handler                       0x080045b9   Thumb Code     2  stm32g4xx_it.o(i.UsageFault_Handler)
    key_pro                                  0x080045dd   Thumb Code   216  main.o(i.key_pro)
    led_disp                                 0x080046c5   Thumb Code    54  led.o(i.led_disp)
    main                                     0x08004705   Thumb Code   118  main.o(i.main)
    pwm_pro                                  0x08004791   Thumb Code    32  main.o(i.pwm_pro)
    view_pro                                 0x080047b5   Thumb Code   174  main.o(i.view_pro)
    _get_lc_ctype                            0x080048e5   Thumb Code    44  lc_ctype_c.o(locale$$code)
    _fp_init                                 0x08004911   Thumb Code    10  fpinit.o(x$fpl$fpinit)
    __fplib_config_fpu_vfp                   0x08004919   Thumb Code     0  fpinit.o(x$fpl$fpinit)
    __fplib_config_pureend_doubles           0x08004919   Thumb Code     0  fpinit.o(x$fpl$fpinit)
    UARTPrescTable                           0x0800491a   Data          24  stm32g4xx_hal_uart.o(.constdata)
    AHBPrescTable                            0x08004942   Data          16  system_stm32g4xx.o(.constdata)
    APBPrescTable                            0x08004952   Data           8  system_stm32g4xx.o(.constdata)
    ASCII_Table                              0x0800495a   Data        4560  lcd.o(.constdata)
    Region$$Table$$Base                      0x08005b2c   Number         0  anon$$obj.o(Region$$Table)
    Region$$Table$$Limit                     0x08005b4c   Number         0  anon$$obj.o(Region$$Table)
    __ctype                                  0x08005b59   Data           0  lc_ctype_c.o(locale$$data)
    view                                     0x20000000   Data           1  main.o(.data)
    b1begin                                  0x20000001   Data           1  main.o(.data)
    b2begin                                  0x20000002   Data           1  main.o(.data)
    b3begin                                  0x20000003   Data           1  main.o(.data)
    clean                                    0x20000004   Data           1  main.o(.data)
    b1code                                   0x20000005   Data           1  main.o(.data)
    b2code                                   0x20000006   Data           1  main.o(.data)
    b3code                                   0x20000007   Data           1  main.o(.data)
    errorcount                               0x20000008   Data           1  main.o(.data)
    errorflag                                0x20000009   Data           1  main.o(.data)
    password                                 0x2000000c   Data           4  main.o(.data)
    uwTickPrio                               0x20000010   Data           4  stm32g4xx_hal.o(.data)
    uwTickFreq                               0x20000014   Data           4  stm32g4xx_hal.o(.data)
    uwTick                                   0x20000018   Data           4  stm32g4xx_hal.o(.data)
    SystemCoreClock                          0x2000001c   Data           4  system_stm32g4xx.o(.data)
    dummy                                    0x20000024   Data           2  lcd.o(.data)
    BufIndex                                 0x20000028   Data           1  interrupt.o(.data)
    Rxdat                                    0x20000029   Data           1  interrupt.o(.data)
    pwm200time                               0x2000002c   Data           4  interrupt.o(.data)
    ld2time1                                 0x20000030   Data           4  interrupt.o(.data)
    ld2time2                                 0x20000034   Data           4  interrupt.o(.data)
    htim2                                    0x20000038   Data          76  tim.o(.bss)
    htim3                                    0x20000084   Data          76  tim.o(.bss)
    htim4                                    0x200000d0   Data          76  tim.o(.bss)
    htim6                                    0x2000011c   Data          76  tim.o(.bss)
    huart1                                   0x20000168   Data         144  usart.o(.bss)
    key                                      0x200001f8   Data          48  interrupt.o(.bss)
    RxBuffer                                 0x20000228   Data          30  interrupt.o(.bss)
    __libspace_start                         0x20000248   Data          96  libspace.o(.bss)
    __temporary_stack_top$libspace           0x200002a8   Data           0  libspace.o(.bss)



==============================================================================

Memory Map of the image

  Image Entry point : 0x080001d9

  Load Region LR_IROM1 (Base: 0x08000000, Size: 0x00005c94, Max: 0x00020000, ABSOLUTE)

    Execution Region ER_IROM1 (Exec base: 0x08000000, Load base: 0x08000000, Size: 0x00005c5c, Max: 0x00020000, ABSOLUTE)

    Exec Addr    Load Addr    Size         Type   Attr      Idx    E Section Name        Object

    0x08000000   0x08000000   0x000001d8   Data   RO            3    RESET               startup_stm32g431xx.o
    0x080001d8   0x080001d8   0x00000008   Code   RO         3983  * !!!main             c_w.l(__main.o)
    0x080001e0   0x080001e0   0x00000034   Code   RO         4179    !!!scatter          c_w.l(__scatter.o)
    0x08000214   0x08000214   0x0000001a   Code   RO         4181    !!handler_copy      c_w.l(__scatter_copy.o)
    0x0800022e   0x0800022e   0x00000002   PAD
    0x08000230   0x08000230   0x0000001c   Code   RO         4183    !!handler_zi        c_w.l(__scatter_zi.o)
    0x0800024c   0x0800024c   0x00000000   Code   RO         3970    .ARM.Collect$$_printf_percent$$00000000  c_w.l(_printf_percent.o)
    0x0800024c   0x0800024c   0x00000006   Code   RO         3969    .ARM.Collect$$_printf_percent$$00000009  c_w.l(_printf_d.o)
    0x08000252   0x08000252   0x00000004   Code   RO         3996    .ARM.Collect$$_printf_percent$$00000017  c_w.l(_printf_percent_end.o)
    0x08000256   0x08000256   0x00000002   Code   RO         4039    .ARM.Collect$$libinit$$00000000  c_w.l(libinit.o)
    0x08000258   0x08000258   0x00000004   Code   RO         4059    .ARM.Collect$$libinit$$00000001  c_w.l(libinit2.o)
    0x0800025c   0x0800025c   0x00000000   Code   RO         4062    .ARM.Collect$$libinit$$00000004  c_w.l(libinit2.o)
    0x0800025c   0x0800025c   0x00000000   Code   RO         4065    .ARM.Collect$$libinit$$0000000A  c_w.l(libinit2.o)
    0x0800025c   0x0800025c   0x00000000   Code   RO         4067    .ARM.Collect$$libinit$$0000000C  c_w.l(libinit2.o)
    0x0800025c   0x0800025c   0x00000000   Code   RO         4069    .ARM.Collect$$libinit$$0000000E  c_w.l(libinit2.o)
    0x0800025c   0x0800025c   0x00000006   Code   RO         4070    .ARM.Collect$$libinit$$0000000F  c_w.l(libinit2.o)
    0x08000262   0x08000262   0x00000000   Code   RO         4072    .ARM.Collect$$libinit$$00000011  c_w.l(libinit2.o)
    0x08000262   0x08000262   0x0000000c   Code   RO         4073    .ARM.Collect$$libinit$$00000012  c_w.l(libinit2.o)
    0x0800026e   0x0800026e   0x00000000   Code   RO         4074    .ARM.Collect$$libinit$$00000013  c_w.l(libinit2.o)
    0x0800026e   0x0800026e   0x00000000   Code   RO         4076    .ARM.Collect$$libinit$$00000015  c_w.l(libinit2.o)
    0x0800026e   0x0800026e   0x00000000   Code   RO         4078    .ARM.Collect$$libinit$$00000017  c_w.l(libinit2.o)
    0x0800026e   0x0800026e   0x00000000   Code   RO         4080    .ARM.Collect$$libinit$$00000019  c_w.l(libinit2.o)
    0x0800026e   0x0800026e   0x00000000   Code   RO         4082    .ARM.Collect$$libinit$$0000001B  c_w.l(libinit2.o)
    0x0800026e   0x0800026e   0x00000000   Code   RO         4084    .ARM.Collect$$libinit$$0000001D  c_w.l(libinit2.o)
    0x0800026e   0x0800026e   0x00000000   Code   RO         4086    .ARM.Collect$$libinit$$0000001F  c_w.l(libinit2.o)
    0x0800026e   0x0800026e   0x00000000   Code   RO         4088    .ARM.Collect$$libinit$$00000021  c_w.l(libinit2.o)
    0x0800026e   0x0800026e   0x00000000   Code   RO         4090    .ARM.Collect$$libinit$$00000023  c_w.l(libinit2.o)
    0x0800026e   0x0800026e   0x00000000   Code   RO         4092    .ARM.Collect$$libinit$$00000025  c_w.l(libinit2.o)
    0x0800026e   0x0800026e   0x00000000   Code   RO         4096    .ARM.Collect$$libinit$$0000002C  c_w.l(libinit2.o)
    0x0800026e   0x0800026e   0x00000000   Code   RO         4098    .ARM.Collect$$libinit$$0000002E  c_w.l(libinit2.o)
    0x0800026e   0x0800026e   0x00000000   Code   RO         4100    .ARM.Collect$$libinit$$00000030  c_w.l(libinit2.o)
    0x0800026e   0x0800026e   0x00000000   Code   RO         4102    .ARM.Collect$$libinit$$00000032  c_w.l(libinit2.o)
    0x0800026e   0x0800026e   0x00000002   Code   RO         4103    .ARM.Collect$$libinit$$00000033  c_w.l(libinit2.o)
    0x08000270   0x08000270   0x00000002   Code   RO         4136    .ARM.Collect$$libshutdown$$00000000  c_w.l(libshutdown.o)
    0x08000272   0x08000272   0x00000000   Code   RO         4162    .ARM.Collect$$libshutdown$$00000002  c_w.l(libshutdown2.o)
    0x08000272   0x08000272   0x00000000   Code   RO         4164    .ARM.Collect$$libshutdown$$00000004  c_w.l(libshutdown2.o)
    0x08000272   0x08000272   0x00000000   Code   RO         4167    .ARM.Collect$$libshutdown$$00000007  c_w.l(libshutdown2.o)
    0x08000272   0x08000272   0x00000000   Code   RO         4170    .ARM.Collect$$libshutdown$$0000000A  c_w.l(libshutdown2.o)
    0x08000272   0x08000272   0x00000000   Code   RO         4172    .ARM.Collect$$libshutdown$$0000000C  c_w.l(libshutdown2.o)
    0x08000272   0x08000272   0x00000000   Code   RO         4175    .ARM.Collect$$libshutdown$$0000000F  c_w.l(libshutdown2.o)
    0x08000272   0x08000272   0x00000002   Code   RO         4176    .ARM.Collect$$libshutdown$$00000010  c_w.l(libshutdown2.o)
    0x08000274   0x08000274   0x00000000   Code   RO         3985    .ARM.Collect$$rtentry$$00000000  c_w.l(__rtentry.o)
    0x08000274   0x08000274   0x00000000   Code   RO         4002    .ARM.Collect$$rtentry$$00000002  c_w.l(__rtentry2.o)
    0x08000274   0x08000274   0x00000006   Code   RO         4014    .ARM.Collect$$rtentry$$00000004  c_w.l(__rtentry4.o)
    0x0800027a   0x0800027a   0x00000000   Code   RO         4004    .ARM.Collect$$rtentry$$00000009  c_w.l(__rtentry2.o)
    0x0800027a   0x0800027a   0x00000004   Code   RO         4005    .ARM.Collect$$rtentry$$0000000A  c_w.l(__rtentry2.o)
    0x0800027e   0x0800027e   0x00000000   Code   RO         4007    .ARM.Collect$$rtentry$$0000000C  c_w.l(__rtentry2.o)
    0x0800027e   0x0800027e   0x00000008   Code   RO         4008    .ARM.Collect$$rtentry$$0000000D  c_w.l(__rtentry2.o)
    0x08000286   0x08000286   0x00000002   Code   RO         4043    .ARM.Collect$$rtexit$$00000000  c_w.l(rtexit.o)
    0x08000288   0x08000288   0x00000000   Code   RO         4107    .ARM.Collect$$rtexit$$00000002  c_w.l(rtexit2.o)
    0x08000288   0x08000288   0x00000004   Code   RO         4108    .ARM.Collect$$rtexit$$00000003  c_w.l(rtexit2.o)
    0x0800028c   0x0800028c   0x00000006   Code   RO         4109    .ARM.Collect$$rtexit$$00000004  c_w.l(rtexit2.o)
    0x08000292   0x08000292   0x00000002   PAD
    0x08000294   0x08000294   0x00000040   Code   RO            4    .text               startup_stm32g431xx.o
    0x080002d4   0x080002d4   0x000000ee   Code   RO         3939    .text               c_w.l(lludivv7m.o)
    0x080003c2   0x080003c2   0x00000002   PAD
    0x080003c4   0x080003c4   0x00000028   Code   RO         3943    .text               c_w.l(noretval__2sprintf.o)
    0x080003ec   0x080003ec   0x00000068   Code   RO         3945    .text               c_w.l(__printf.o)
    0x08000454   0x08000454   0x00000078   Code   RO         3947    .text               c_w.l(_printf_dec.o)
    0x080004cc   0x080004cc   0x0000003c   Code   RO         3971    .text               c_w.l(__0sscanf.o)
    0x08000508   0x08000508   0x000000e0   Code   RO         3973    .text               c_w.l(_scanf_str.o)
    0x080005e8   0x080005e8   0x0000003e   Code   RO         3975    .text               c_w.l(strlen.o)
    0x08000626   0x08000626   0x00000044   Code   RO         3977    .text               c_w.l(rt_memclr.o)
    0x0800066a   0x0800066a   0x0000004e   Code   RO         3979    .text               c_w.l(rt_memclr_w.o)
    0x080006b8   0x080006b8   0x00000006   Code   RO         3981    .text               c_w.l(heapauxi.o)
    0x080006be   0x080006be   0x000000b2   Code   RO         3990    .text               c_w.l(_printf_intcommon.o)
    0x08000770   0x08000770   0x00000030   Code   RO         3992    .text               c_w.l(_printf_char_common.o)
    0x080007a0   0x080007a0   0x0000000a   Code   RO         3994    .text               c_w.l(_sputc.o)
    0x080007aa   0x080007aa   0x00000002   PAD
    0x080007ac   0x080007ac   0x0000002c   Code   RO         3997    .text               c_w.l(scanf_char.o)
    0x080007d8   0x080007d8   0x00000040   Code   RO         3999    .text               c_w.l(_sgetc.o)
    0x08000818   0x08000818   0x00000012   Code   RO         4018    .text               c_w.l(isspace.o)
    0x0800082a   0x0800082a   0x00000002   PAD
    0x0800082c   0x0800082c   0x00000374   Code   RO         4022    .text               c_w.l(_scanf.o)
    0x08000ba0   0x08000ba0   0x0000004a   Code   RO         4024    .text               c_w.l(sys_stackheap_outer.o)
    0x08000bea   0x08000bea   0x00000002   PAD
    0x08000bec   0x08000bec   0x00000010   Code   RO         4026    .text               c_w.l(rt_ctype_table.o)
    0x08000bfc   0x08000bfc   0x00000012   Code   RO         4028    .text               c_w.l(exit.o)
    0x08000c0e   0x08000c0e   0x00000002   PAD
    0x08000c10   0x08000c10   0x00000008   Code   RO         4040    .text               c_w.l(libspace.o)
    0x08000c18   0x08000c18   0x00000008   Code   RO         4050    .text               c_w.l(rt_locale_intlibspace.o)
    0x08000c20   0x08000c20   0x0000000c   Code   RO         4104    .text               c_w.l(sys_exit.o)
    0x08000c2c   0x08000c2c   0x00000080   Code   RO         4117    .text               c_w.l(strcmpv7m.o)
    0x08000cac   0x08000cac   0x00000002   Code   RO         4125    .text               c_w.l(use_no_semi.o)
    0x08000cae   0x08000cae   0x00000000   Code   RO         4127    .text               c_w.l(indicate_semi.o)
    0x08000cae   0x08000cae   0x00000002   Code   RO          352    i.BusFault_Handler  stm32g4xx_it.o
    0x08000cb0   0x08000cb0   0x00000002   Code   RO          353    i.DebugMon_Handler  stm32g4xx_it.o
    0x08000cb2   0x08000cb2   0x0000001c   Code   RO         3666    i.Delay_LCD         lcd.o
    0x08000cce   0x08000cce   0x00000004   Code   RO           13    i.Error_Handler     main.o
    0x08000cd2   0x08000cd2   0x0000006a   Code   RO         2697    i.HAL_DMA_Abort     stm32g4xx_hal_dma.o
    0x08000d3c   0x08000d3c   0x00000078   Code   RO         2698    i.HAL_DMA_Abort_IT  stm32g4xx_hal_dma.o
    0x08000db4   0x08000db4   0x00000024   Code   RO         1868    i.HAL_Delay         stm32g4xx_hal.o
    0x08000dd8   0x08000dd8   0x00000248   Code   RO         2559    i.HAL_GPIO_Init     stm32g4xx_hal_gpio.o
    0x08001020   0x08001020   0x0000000a   Code   RO         2561    i.HAL_GPIO_ReadPin  stm32g4xx_hal_gpio.o
    0x0800102a   0x0800102a   0x0000000a   Code   RO         2563    i.HAL_GPIO_WritePin  stm32g4xx_hal_gpio.o
    0x08001034   0x08001034   0x0000000c   Code   RO         1872    i.HAL_GetTick       stm32g4xx_hal.o
    0x08001040   0x08001040   0x00000010   Code   RO         1875    i.HAL_IncTick       stm32g4xx_hal.o
    0x08001050   0x08001050   0x0000001e   Code   RO         1876    i.HAL_Init          stm32g4xx_hal.o
    0x0800106e   0x0800106e   0x00000002   PAD
    0x08001070   0x08001070   0x00000044   Code   RO         1877    i.HAL_InitTick      stm32g4xx_hal.o
    0x080010b4   0x080010b4   0x00000030   Code   RO          452    i.HAL_MspInit       stm32g4xx_hal_msp.o
    0x080010e4   0x080010e4   0x0000001a   Code   RO         2966    i.HAL_NVIC_EnableIRQ  stm32g4xx_hal_cortex.o
    0x080010fe   0x080010fe   0x00000002   PAD
    0x08001100   0x08001100   0x00000040   Code   RO         2972    i.HAL_NVIC_SetPriority  stm32g4xx_hal_cortex.o
    0x08001140   0x08001140   0x00000024   Code   RO         2973    i.HAL_NVIC_SetPriorityGrouping  stm32g4xx_hal_cortex.o
    0x08001164   0x08001164   0x000000bc   Code   RO         1622    i.HAL_PWREx_ControlVoltageScaling  stm32g4xx_hal_pwr_ex.o
    0x08001220   0x08001220   0x00000010   Code   RO         1634    i.HAL_PWREx_DisableUCPDDeadBattery  stm32g4xx_hal_pwr_ex.o
    0x08001230   0x08001230   0x00000288   Code   RO         2221    i.HAL_RCCEx_PeriphCLKConfig  stm32g4xx_hal_rcc_ex.o
    0x080014b8   0x080014b8   0x000001dc   Code   RO         2096    i.HAL_RCC_ClockConfig  stm32g4xx_hal_rcc.o
    0x08001694   0x08001694   0x00000024   Code   RO         2104    i.HAL_RCC_GetPCLK1Freq  stm32g4xx_hal_rcc.o
    0x080016b8   0x080016b8   0x00000024   Code   RO         2105    i.HAL_RCC_GetPCLK2Freq  stm32g4xx_hal_rcc.o
    0x080016dc   0x080016dc   0x00000070   Code   RO         2106    i.HAL_RCC_GetSysClockFreq  stm32g4xx_hal_rcc.o
    0x0800174c   0x0800174c   0x0000040c   Code   RO         2109    i.HAL_RCC_OscConfig  stm32g4xx_hal_rcc.o
    0x08001b58   0x08001b58   0x00000028   Code   RO         2977    i.HAL_SYSTICK_Config  stm32g4xx_hal_cortex.o
    0x08001b80   0x08001b80   0x00000002   Code   RO         1192    i.HAL_TIMEx_Break2Callback  stm32g4xx_hal_tim_ex.o
    0x08001b82   0x08001b82   0x00000002   Code   RO         1193    i.HAL_TIMEx_BreakCallback  stm32g4xx_hal_tim_ex.o
    0x08001b84   0x08001b84   0x00000002   Code   RO         1194    i.HAL_TIMEx_CommutCallback  stm32g4xx_hal_tim_ex.o
    0x08001b86   0x08001b86   0x00000002   Code   RO         1205    i.HAL_TIMEx_DirectionChangeCallback  stm32g4xx_hal_tim_ex.o
    0x08001b88   0x08001b88   0x00000002   Code   RO         1219    i.HAL_TIMEx_EncoderIndexCallback  stm32g4xx_hal_tim_ex.o
    0x08001b8a   0x08001b8a   0x00000002   Code   RO         1233    i.HAL_TIMEx_IndexErrorCallback  stm32g4xx_hal_tim_ex.o
    0x08001b8c   0x08001b8c   0x0000009c   Code   RO         1234    i.HAL_TIMEx_MasterConfigSynchronization  stm32g4xx_hal_tim_ex.o
    0x08001c28   0x08001c28   0x00000002   Code   RO         1255    i.HAL_TIMEx_TransitionErrorCallback  stm32g4xx_hal_tim_ex.o
    0x08001c2a   0x08001c2a   0x00000062   Code   RO          478    i.HAL_TIM_Base_Init  stm32g4xx_hal_tim.o
    0x08001c8c   0x08001c8c   0x0000008c   Code   RO          233    i.HAL_TIM_Base_MspInit  tim.o
    0x08001d18   0x08001d18   0x00000078   Code   RO          483    i.HAL_TIM_Base_Start_IT  stm32g4xx_hal_tim.o
    0x08001d90   0x08001d90   0x00000030   Code   RO          486    i.HAL_TIM_Base_Stop_IT  stm32g4xx_hal_tim.o
    0x08001dc0   0x08001dc0   0x00000100   Code   RO          487    i.HAL_TIM_ConfigClockSource  stm32g4xx_hal_tim.o
    0x08001ec0   0x08001ec0   0x00000026   Code   RO          509    i.HAL_TIM_GenerateEvent  stm32g4xx_hal_tim.o
    0x08001ee6   0x08001ee6   0x00000002   Code   RO          512    i.HAL_TIM_IC_CaptureCallback  stm32g4xx_hal_tim.o
    0x08001ee8   0x08001ee8   0x000001fc   Code   RO          526    i.HAL_TIM_IRQHandler  stm32g4xx_hal_tim.o
    0x080020e4   0x080020e4   0x0000004c   Code   RO          234    i.HAL_TIM_MspPostInit  tim.o
    0x08002130   0x08002130   0x00000002   Code   RO          529    i.HAL_TIM_OC_DelayElapsedCallback  stm32g4xx_hal_tim.o
    0x08002132   0x08002132   0x00000124   Code   RO          550    i.HAL_TIM_PWM_ConfigChannel  stm32g4xx_hal_tim.o
    0x08002256   0x08002256   0x00000062   Code   RO          553    i.HAL_TIM_PWM_Init  stm32g4xx_hal_tim.o
    0x080022b8   0x080022b8   0x00000024   Code   RO          236    i.HAL_TIM_PWM_MspInit  tim.o
    0x080022dc   0x080022dc   0x00000002   Code   RO          556    i.HAL_TIM_PWM_PulseFinishedCallback  stm32g4xx_hal_tim.o
    0x080022de   0x080022de   0x00000002   PAD
    0x080022e0   0x080022e0   0x000000fc   Code   RO          558    i.HAL_TIM_PWM_Start  stm32g4xx_hal_tim.o
    0x080023dc   0x080023dc   0x0000018c   Code   RO         3875    i.HAL_TIM_PeriodElapsedCallback  interrupt.o
    0x08002568   0x08002568   0x00000002   Code   RO          569    i.HAL_TIM_TriggerCallback  stm32g4xx_hal_tim.o
    0x0800256a   0x0800256a   0x0000003e   Code   RO         3516    i.HAL_UARTEx_DisableFifoMode  stm32g4xx_hal_uart_ex.o
    0x080025a8   0x080025a8   0x00000002   Code   RO         3105    i.HAL_UARTEx_RxEventCallback  stm32g4xx_hal_uart.o
    0x080025aa   0x080025aa   0x00000002   Code   RO         3523    i.HAL_UARTEx_RxFifoFullCallback  stm32g4xx_hal_uart_ex.o
    0x080025ac   0x080025ac   0x0000004c   Code   RO         3524    i.HAL_UARTEx_SetRxFifoThreshold  stm32g4xx_hal_uart_ex.o
    0x080025f8   0x080025f8   0x0000004c   Code   RO         3525    i.HAL_UARTEx_SetTxFifoThreshold  stm32g4xx_hal_uart_ex.o
    0x08002644   0x08002644   0x00000002   Code   RO         3527    i.HAL_UARTEx_TxFifoEmptyCallback  stm32g4xx_hal_uart_ex.o
    0x08002646   0x08002646   0x00000002   Code   RO         3528    i.HAL_UARTEx_WakeupCallback  stm32g4xx_hal_uart_ex.o
    0x08002648   0x08002648   0x00000002   Code   RO         3121    i.HAL_UART_ErrorCallback  stm32g4xx_hal_uart.o
    0x0800264a   0x0800264a   0x00000002   PAD
    0x0800264c   0x0800264c   0x000002e0   Code   RO         3124    i.HAL_UART_IRQHandler  stm32g4xx_hal_uart.o
    0x0800292c   0x0800292c   0x0000006a   Code   RO         3125    i.HAL_UART_Init     stm32g4xx_hal_uart.o
    0x08002996   0x08002996   0x00000002   PAD
    0x08002998   0x08002998   0x0000008c   Code   RO          311    i.HAL_UART_MspInit  usart.o
    0x08002a24   0x08002a24   0x00000054   Code   RO         3130    i.HAL_UART_Receive_IT  stm32g4xx_hal_uart.o
    0x08002a78   0x08002a78   0x00000034   Code   RO         3876    i.HAL_UART_RxCpltCallback  interrupt.o
    0x08002aac   0x08002aac   0x000000bc   Code   RO         3134    i.HAL_UART_Transmit  stm32g4xx_hal_uart.o
    0x08002b68   0x08002b68   0x00000002   Code   RO         3137    i.HAL_UART_TxCpltCallback  stm32g4xx_hal_uart.o
    0x08002b6a   0x08002b6a   0x00000002   Code   RO          354    i.HardFault_Handler  stm32g4xx_it.o
    0x08002b6c   0x08002b6c   0x0000002c   Code   RO         3667    i.LCD_BusIn         lcd.o
    0x08002b98   0x08002b98   0x00000030   Code   RO         3668    i.LCD_BusOut        lcd.o
    0x08002bc8   0x08002bc8   0x00000024   Code   RO         3669    i.LCD_Clear         lcd.o
    0x08002bec   0x08002bec   0x00000090   Code   RO         3671    i.LCD_CtrlLinesConfig  lcd.o
    0x08002c7c   0x08002c7c   0x00000018   Code   RO         3672    i.LCD_DisplayChar   lcd.o
    0x08002c94   0x08002c94   0x0000002a   Code   RO         3675    i.LCD_DisplayStringLine  lcd.o
    0x08002cbe   0x08002cbe   0x00000002   PAD
    0x08002cc0   0x08002cc0   0x00000058   Code   RO         3676    i.LCD_DrawChar      lcd.o
    0x08002d18   0x08002d18   0x00000034   Code   RO         3682    i.LCD_Init          lcd.o
    0x08002d4c   0x08002d4c   0x00000080   Code   RO         3685    i.LCD_ReadReg       lcd.o
    0x08002dcc   0x08002dcc   0x00000010   Code   RO         3686    i.LCD_SetBackColor  lcd.o
    0x08002ddc   0x08002ddc   0x00000018   Code   RO         3687    i.LCD_SetCursor     lcd.o
    0x08002df4   0x08002df4   0x00000010   Code   RO         3689    i.LCD_SetTextColor  lcd.o
    0x08002e04   0x08002e04   0x00000058   Code   RO         3692    i.LCD_WriteRAM      lcd.o
    0x08002e5c   0x08002e5c   0x0000005c   Code   RO         3693    i.LCD_WriteRAM_Prepare  lcd.o
    0x08002eb8   0x08002eb8   0x0000006c   Code   RO         3694    i.LCD_WriteReg      lcd.o
    0x08002f24   0x08002f24   0x00000138   Code   RO          208    i.MX_GPIO_Init      gpio.o
    0x0800305c   0x0800305c   0x00000074   Code   RO          237    i.MX_TIM2_Init      tim.o
    0x080030d0   0x080030d0   0x00000068   Code   RO          238    i.MX_TIM3_Init      tim.o
    0x08003138   0x08003138   0x00000068   Code   RO          239    i.MX_TIM4_Init      tim.o
    0x080031a0   0x080031a0   0x00000048   Code   RO          240    i.MX_TIM6_Init      tim.o
    0x080031e8   0x080031e8   0x00000068   Code   RO          312    i.MX_USART1_UART_Init  usart.o
    0x08003250   0x08003250   0x00000002   Code   RO          355    i.MemManage_Handler  stm32g4xx_it.o
    0x08003252   0x08003252   0x00000002   Code   RO          356    i.NMI_Handler       stm32g4xx_it.o
    0x08003254   0x08003254   0x00000002   Code   RO          357    i.PendSV_Handler    stm32g4xx_it.o
    0x08003256   0x08003256   0x00000112   Code   RO         3695    i.REG_8230_Init     lcd.o
    0x08003368   0x08003368   0x00000202   Code   RO         3696    i.REG_932X_Init     lcd.o
    0x0800356a   0x0800356a   0x00000002   PAD
    0x0800356c   0x0800356c   0x000000dc   Code   RO           14    i.Rx_Proc           main.o
    0x08003648   0x08003648   0x00000002   Code   RO          358    i.SVC_Handler       stm32g4xx_it.o
    0x0800364a   0x0800364a   0x00000004   Code   RO          359    i.SysTick_Handler   stm32g4xx_it.o
    0x0800364e   0x0800364e   0x0000006a   Code   RO           15    i.SystemClock_Config  main.o
    0x080036b8   0x080036b8   0x00000010   Code   RO         3629    i.SystemInit        system_stm32g4xx.o
    0x080036c8   0x080036c8   0x0000000c   Code   RO          360    i.TIM3_IRQHandler   stm32g4xx_it.o
    0x080036d4   0x080036d4   0x0000000c   Code   RO          361    i.TIM4_IRQHandler   stm32g4xx_it.o
    0x080036e0   0x080036e0   0x0000000c   Code   RO          362    i.TIM6_DAC_IRQHandler  stm32g4xx_it.o
    0x080036ec   0x080036ec   0x000000b0   Code   RO          571    i.TIM_Base_SetConfig  stm32g4xx_hal_tim.o
    0x0800379c   0x0800379c   0x0000001a   Code   RO          572    i.TIM_CCxChannelCmd  stm32g4xx_hal_tim.o
    0x080037b6   0x080037b6   0x00000014   Code   RO          582    i.TIM_ETR_SetConfig  stm32g4xx_hal_tim.o
    0x080037ca   0x080037ca   0x00000002   PAD
    0x080037cc   0x080037cc   0x00000014   Code   RO          583    i.TIM_ITRx_SetConfig  stm32g4xx_hal_tim.o
    0x080037e0   0x080037e0   0x0000009c   Code   RO          584    i.TIM_OC1_SetConfig  stm32g4xx_hal_tim.o
    0x0800387c   0x0800387c   0x00000090   Code   RO          585    i.TIM_OC2_SetConfig  stm32g4xx_hal_tim.o
    0x0800390c   0x0800390c   0x00000090   Code   RO          586    i.TIM_OC3_SetConfig  stm32g4xx_hal_tim.o
    0x0800399c   0x0800399c   0x00000090   Code   RO          587    i.TIM_OC4_SetConfig  stm32g4xx_hal_tim.o
    0x08003a2c   0x08003a2c   0x00000070   Code   RO          588    i.TIM_OC5_SetConfig  stm32g4xx_hal_tim.o
    0x08003a9c   0x08003a9c   0x00000070   Code   RO          589    i.TIM_OC6_SetConfig  stm32g4xx_hal_tim.o
    0x08003b0c   0x08003b0c   0x00000022   Code   RO          591    i.TIM_TI1_ConfigInputStage  stm32g4xx_hal_tim.o
    0x08003b2e   0x08003b2e   0x00000024   Code   RO          593    i.TIM_TI2_ConfigInputStage  stm32g4xx_hal_tim.o
    0x08003b52   0x08003b52   0x00000002   PAD
    0x08003b54   0x08003b54   0x00000044   Code   RO         3529    i.UARTEx_SetNbDataToProcess  stm32g4xx_hal_uart_ex.o
    0x08003b98   0x08003b98   0x000000c8   Code   RO         3139    i.UART_AdvFeatureConfig  stm32g4xx_hal_uart.o
    0x08003c60   0x08003c60   0x00000060   Code   RO         3140    i.UART_CheckIdleState  stm32g4xx_hal_uart.o
    0x08003cc0   0x08003cc0   0x00000014   Code   RO         3141    i.UART_DMAAbortOnError  stm32g4xx_hal_uart.o
    0x08003cd4   0x08003cd4   0x00000054   Code   RO         3151    i.UART_EndRxTransfer  stm32g4xx_hal_uart.o
    0x08003d28   0x08003d28   0x000000a2   Code   RO         3153    i.UART_RxISR_16BIT  stm32g4xx_hal_uart.o
    0x08003dca   0x08003dca   0x00000002   PAD
    0x08003dcc   0x08003dcc   0x00000174   Code   RO         3154    i.UART_RxISR_16BIT_FIFOEN  stm32g4xx_hal_uart.o
    0x08003f40   0x08003f40   0x000000a2   Code   RO         3155    i.UART_RxISR_8BIT   stm32g4xx_hal_uart.o
    0x08003fe2   0x08003fe2   0x00000002   PAD
    0x08003fe4   0x08003fe4   0x00000174   Code   RO         3156    i.UART_RxISR_8BIT_FIFOEN  stm32g4xx_hal_uart.o
    0x08004158   0x08004158   0x00000274   Code   RO         3157    i.UART_SetConfig    stm32g4xx_hal_uart.o
    0x080043cc   0x080043cc   0x00000118   Code   RO         3159    i.UART_Start_Receive_IT  stm32g4xx_hal_uart.o
    0x080044e4   0x080044e4   0x000000c6   Code   RO         3164    i.UART_WaitOnFlagUntilTimeout  stm32g4xx_hal_uart.o
    0x080045aa   0x080045aa   0x00000002   PAD
    0x080045ac   0x080045ac   0x0000000c   Code   RO          363    i.USART1_IRQHandler  stm32g4xx_it.o
    0x080045b8   0x080045b8   0x00000002   Code   RO          364    i.UsageFault_Handler  stm32g4xx_it.o
    0x080045ba   0x080045ba   0x00000020   Code   RO         2979    i.__NVIC_SetPriority  stm32g4xx_hal_cortex.o
    0x080045da   0x080045da   0x00000002   PAD
    0x080045dc   0x080045dc   0x000000e8   Code   RO           16    i.key_pro           main.o
    0x080046c4   0x080046c4   0x00000040   Code   RO         3916    i.led_disp          led.o
    0x08004704   0x08004704   0x0000008c   Code   RO           17    i.main              main.o
    0x08004790   0x08004790   0x00000024   Code   RO           18    i.pwm_pro           main.o
    0x080047b4   0x080047b4   0x00000130   Code   RO           19    i.view_pro          main.o
    0x080048e4   0x080048e4   0x0000002c   Code   RO         4053    locale$$code        c_w.l(lc_ctype_c.o)
    0x08004910   0x08004910   0x0000000a   Code   RO         4121    x$fpl$fpinit        fz_wm.l(fpinit.o)
    0x0800491a   0x0800491a   0x00000018   Data   RO         3165    .constdata          stm32g4xx_hal_uart.o
    0x08004932   0x08004932   0x00000010   Data   RO         3530    .constdata          stm32g4xx_hal_uart_ex.o
    0x08004942   0x08004942   0x00000010   Data   RO         3630    .constdata          system_stm32g4xx.o
    0x08004952   0x08004952   0x00000008   Data   RO         3631    .constdata          system_stm32g4xx.o
    0x0800495a   0x0800495a   0x000011d0   Data   RO         3697    .constdata          lcd.o
    0x08005b2a   0x08005b2a   0x00000002   PAD
    0x08005b2c   0x08005b2c   0x00000020   Data   RO         4177    Region$$Table       anon$$obj.o
    0x08005b4c   0x08005b4c   0x00000110   Data   RO         4052    locale$$data        c_w.l(lc_ctype_c.o)


    Execution Region RW_IRAM1 (Exec base: 0x20000000, Load base: 0x08005c5c, Size: 0x000008a8, Max: 0x00008000, ABSOLUTE)

    Exec Addr    Load Addr    Size         Type   Attr      Idx    E Section Name        Object

    0x20000000   0x08005c5c   0x00000010   Data   RW           20    .data               main.o
    0x20000010   0x08005c6c   0x0000000c   Data   RW         1896    .data               stm32g4xx_hal.o
    0x2000001c   0x08005c78   0x00000004   Data   RW         3632    .data               system_stm32g4xx.o
    0x20000020   0x08005c7c   0x00000006   Data   RW         3698    .data               lcd.o
    0x20000026   0x08005c82   0x00000002   PAD
    0x20000028   0x08005c84   0x00000010   Data   RW         3878    .data               interrupt.o
    0x20000038        -       0x00000130   Zero   RW          241    .bss                tim.o
    0x20000168        -       0x00000090   Zero   RW          313    .bss                usart.o
    0x200001f8        -       0x0000004e   Zero   RW         3877    .bss                interrupt.o
    0x20000246   0x08005c94   0x00000002   PAD
    0x20000248        -       0x00000060   Zero   RW         4041    .bss                c_w.l(libspace.o)
    0x200002a8        -       0x00000200   Zero   RW            2    HEAP                startup_stm32g431xx.o
    0x200004a8        -       0x00000400   Zero   RW            1    STACK               startup_stm32g431xx.o


==============================================================================

Image component sizes


      Code (inc. data)   RO Data    RW Data    ZI Data      Debug   Object Name

       312         16          0          0          0       1071   gpio.o
       448         78          0         16         78       2953   interrupt.o
      1766         76       4560          6          0      13222   lcd.o
        64         10          0          0          0        551   led.o
      1042        212          0         16          0     647066   main.o
        64         26        472          0       1536        840   startup_stm32g431xx.o
       162         24          0         12          0       4305   stm32g4xx_hal.o
       198         14          0          0          0      33823   stm32g4xx_hal_cortex.o
       226          0          0          0          0       1931   stm32g4xx_hal_dma.o
       604         34          0          0          0       2995   stm32g4xx_hal_gpio.o
        48          6          0          0          0        858   stm32g4xx_hal_msp.o
       204         18          0          0          0       1401   stm32g4xx_hal_pwr_ex.o
      1696         92          0          0          0       6268   stm32g4xx_hal_rcc.o
       648         10          0          0          0       1872   stm32g4xx_hal_rcc_ex.o
      2842        260          0          0          0      19503   stm32g4xx_hal_tim.o
       170         24          0          0          0       5376   stm32g4xx_hal_tim_ex.o
      3694        124         24          0          0      36594   stm32g4xx_hal_uart.o
       288          6         16          0          0       5342   stm32g4xx_hal_uart_ex.o
        68         24          0          0          0       6012   stm32g4xx_it.o
        16          4         24          4          0       1123   system_stm32g4xx.o
       648         60          0          0        304       4909   tim.o
       244         18          0          0        144       1794   usart.o

    ----------------------------------------------------------------------
     15478       1136       5130         56       2064     799809   Object Totals
         0          0         32          0          0          0   (incl. Generated)
        26          0          2          2          2          0   (incl. Padding)

    ----------------------------------------------------------------------

      Code (inc. data)   RO Data    RW Data    ZI Data      Debug   Library Member Name

        60          8          0          0          0         84   __0sscanf.o
         8          0          0          0          0         68   __main.o
       104          0          0          0          0         84   __printf.o
         0          0          0          0          0          0   __rtentry.o
        12          0          0          0          0          0   __rtentry2.o
         6          0          0          0          0          0   __rtentry4.o
        52          8          0          0          0          0   __scatter.o
        26          0          0          0          0          0   __scatter_copy.o
        28          0          0          0          0          0   __scatter_zi.o
        48          6          0          0          0         96   _printf_char_common.o
         6          0          0          0          0          0   _printf_d.o
       120         16          0          0          0         92   _printf_dec.o
       178          0          0          0          0         88   _printf_intcommon.o
         0          0          0          0          0          0   _printf_percent.o
         4          0          0          0          0          0   _printf_percent_end.o
       884          6          0          0          0        100   _scanf.o
       224          0          0          0          0         96   _scanf_str.o
        64          0          0          0          0         84   _sgetc.o
        10          0          0          0          0         68   _sputc.o
        18          0          0          0          0         80   exit.o
         6          0          0          0          0        152   heapauxi.o
         0          0          0          0          0          0   indicate_semi.o
        18          0          0          0          0         76   isspace.o
        44         10        272          0          0         76   lc_ctype_c.o
         2          0          0          0          0          0   libinit.o
        24          0          0          0          0          0   libinit2.o
         2          0          0          0          0          0   libshutdown.o
         2          0          0          0          0          0   libshutdown2.o
         8          4          0          0         96         68   libspace.o
       238          0          0          0          0        100   lludivv7m.o
        40          6          0          0          0         84   noretval__2sprintf.o
        16          4          0          0          0         76   rt_ctype_table.o
         8          4          0          0          0         68   rt_locale_intlibspace.o
        68          0          0          0          0         68   rt_memclr.o
        78          0          0          0          0         80   rt_memclr_w.o
         2          0          0          0          0          0   rtexit.o
        10          0          0          0          0          0   rtexit2.o
        44          8          0          0          0         84   scanf_char.o
       128          0          0          0          0         68   strcmpv7m.o
        62          0          0          0          0         76   strlen.o
        12          4          0          0          0         68   sys_exit.o
        74          0          0          0          0         80   sys_stackheap_outer.o
         2          0          0          0          0         68   use_no_semi.o
        10          0          0          0          0        116   fpinit.o

    ----------------------------------------------------------------------
      2764         84        272          0         96       2348   Library Totals
        14          0          0          0          0          0   (incl. Padding)

    ----------------------------------------------------------------------

      Code (inc. data)   RO Data    RW Data    ZI Data      Debug   Library Name

      2740         84        272          0         96       2232   c_w.l
        10          0          0          0          0        116   fz_wm.l

    ----------------------------------------------------------------------
      2764         84        272          0         96       2348   Library Totals

    ----------------------------------------------------------------------

==============================================================================


      Code (inc. data)   RO Data    RW Data    ZI Data      Debug   

     18242       1220       5402         56       2160     788261   Grand Totals
     18242       1220       5402         56       2160     788261   ELF Image Totals
     18242       1220       5402         56          0          0   ROM Totals

==============================================================================

    Total RO  Size (Code + RO Data)                23644 (  23.09kB)
    Total RW  Size (RW Data + ZI Data)              2216 (   2.16kB)
    Total ROM Size (Code + RO Data + RW Data)      23700 (  23.14kB)

==============================================================================

